================================================================================
STEP 2 -- DESCRIPTIVE EDA: Energidrikke
================================================================================

Rebuilding the analysis panel via step 1...
  Loading view parquet files...
  Facts shape:    (55216, 32)
  Products shape: (1271, 25)
  Periods shape:  (43, 9)
  Markets shape:  (86, 6)
  Discovered 29 measure columns (13 additive, 16 intensive)
  Panel: 1,702 rows x 32 columns, 68 brands

================================================================================
3.01  DATA PREVIEW AND STATISTICS
================================================================================

Data Shape
----------------------------------------
  - Dimensions of the analysis panel: one observation per brand per calendar month, aggregated across the retail universe covered by the Nielsen delivery.
  - The panel is unbalanced. Brands enter and exit the market over the observation window, so the row count is the number of observed brand-months rather than the product of brands and months.

       Metric Value
   Total Rows 1,702
Unique Brands    68
      Columns    32

Columns & Data Quality
----------------------------------------
  - Each measure delivered for this category, with its storage type and the count of unreported values.
  - The number of measures differs across categories because Nielsen reports different measure sets per category. A measure absent here was not supplied in the delivery rather than lost in processing.

                                      Column Data Type  Non-Null  Missing  Missing %
                                       brand    object      1702        0        0.0
                                 period_year     int64      1702        0        0.0
                                period_month     int64      1702        0        0.0
                                 sales_value   float64      1702        0        0.0
                                sales_liters   float64      1702        0        0.0
                                 sales_units   float64      1702        0        0.0
                       sales_value_any_promo   float64      1702        0        0.0
                   sales_in_liters_any_promo   float64      1702        0        0.0
                                 promo_units   float64      1702        0        0.0
                         sales_units_any_tpr   float64      1702        0        0.0
                        numeric_distribution   float64      1702        0        0.0
                  numeric_distribution_reach   float64      1702        0        0.0
                               weighted_dist   float64      1702        0        0.0
                 weighted_distribution_reach   float64      1702        0        0.0
total_weighted_distribution_points_tdp_reach   float64      1702        0        0.0
                       number_of_items_reach   float64      1702        0        0.0
          avg_number_of_stores_selling_reach   float64      1702        0        0.0
                   universe_number_of_stores   float64      1702        0        0.0
             avg_no_of_items_per_store_reach   float64      1702        0        0.0
             weighted_distribution_any_promo   float64      1370      332       19.5
             weighted_distribution_disp_feat   float64       512     1190       69.9
          weighted_distribution_disp_wo_feat   float64      1199      503       29.6
          weighted_distribution_feat_wo_disp   float64       561     1141       67.0
            weighted_distribution_total_feat   float64       563     1139       66.9
              weighted_distribution_any_disp   float64      1199      503       29.6
               weighted_distribution_any_tpr   float64      1322      380       22.3
                        baseline_sales_value   float64      1702        0        0.0
                    baseline_sales_in_liters   float64      1702        0        0.0
                        baseline_sales_units   float64      1702        0        0.0
              baseline_sales_value_any_promo   float64      1702        0        0.0
          baseline_sales_in_liters_any_promo   float64      1702        0        0.0
              baseline_sales_units_any_promo   float64      1702        0        0.0

Missing Value Analysis
----------------------------------------
  - Unreported values per measure. In this panel an unreported value denotes a measure Nielsen did not supply for an observed brand-month, which is distinct from a brand-month that does not appear at all.
  - The distinction matters for time-series construction: lagged and rolling features computed across an unreported value propagate it into every window spanning the gap.

                            Column  Missing  Missing %
   weighted_distribution_any_promo      332       19.5
   weighted_distribution_disp_feat     1190       69.9
weighted_distribution_disp_wo_feat      503       29.6
weighted_distribution_feat_wo_disp     1141       67.0
  weighted_distribution_total_feat     1139       66.9
    weighted_distribution_any_disp      503       29.6
     weighted_distribution_any_tpr      380       22.3

Sample Data (first 10 rows):
brand  period_year  period_month  sales_value  sales_liters  sales_units  sales_value_any_promo  sales_in_liters_any_promo  promo_units  sales_units_any_tpr  numeric_distribution  numeric_distribution_reach  weighted_dist  weighted_distribution_reach  total_weighted_distribution_points_tdp_reach  number_of_items_reach  avg_number_of_stores_selling_reach  universe_number_of_stores  avg_no_of_items_per_store_reach  weighted_distribution_any_promo  weighted_distribution_disp_feat  weighted_distribution_disp_wo_feat  weighted_distribution_feat_wo_disp  weighted_distribution_total_feat  weighted_distribution_any_disp  weighted_distribution_any_tpr  baseline_sales_value  baseline_sales_in_liters  baseline_sales_units  baseline_sales_value_any_promo  baseline_sales_in_liters_any_promo  baseline_sales_units_any_promo
4MOVE         2023             1  294115.0764    20692.6051   27590.1401            225087.5021                 15792.5918   21056.7891            1176.8391              0.133388                    0.193931       0.183891                     0.261663                                      0.261663             490.095238                          486.620700                    2509.25                         1.007200                         0.130846                         0.043221                            0.063516                            0.015977                          0.059197                        0.106736                       0.011303           180913.0317                12669.6922            16892.9228                     118633.6455                           8258.1145                      11010.8193
4MOVE         2023             2   69308.3294     4836.0119    6448.6826             44346.9966                  3093.7438    4124.9919             304.1307              0.030278                    0.059811       0.041042                     0.080273                                      0.080273             150.821429                          149.991075                    2507.75                         1.004250                         0.035131                              NaN                            0.027879                                 NaN                               NaN                        0.027879                       0.009669           116626.2282                 8099.5801            10799.8918                      25085.7249                           1732.1909                       2309.5877
4MOVE         2023             3  334662.9604    25403.0608   33870.7475            330819.9515                 25102.8752   33470.5004           32132.6510              0.085816                    0.130090       0.115270                     0.177930                                      0.177930             325.142857                          325.015800                    2498.40                         1.000533                         0.113161                              NaN                            0.053360                                 NaN                               NaN                        0.053360                       0.159467            55495.0622                 3929.9300             5239.9068                      21538.1922                           1512.2766                       2016.3687
4MOVE         2023             4   43723.1618     3143.5206    4191.3608             33992.9944                  2493.4458    3324.5944            2121.3806              0.025392                    0.053620       0.033363                     0.071429                                      0.071429             133.852713                          133.848800                    2496.25                         0.999700                         0.027353                              NaN                            0.016633                                 NaN                               NaN                        0.016633                       0.023566            51897.4243                 3289.9796             4386.6395                       4184.9955                            291.3416                        388.4554
4MOVE         2023             5  292710.1426    22032.3546   29376.4729            156036.3073                 12191.1201   16254.8269            3289.2844              0.062141                    0.082526       0.084657                     0.112100                                      0.112100             204.952381                          204.850000                    2482.25                         1.003080                         0.056219                         0.000240                            0.065900                                 NaN                          0.000240                        0.065980                       0.010766           240089.5371                16660.9720            22214.6294                      66891.8578                           4706.2567                       6275.0088
4MOVE         2023             6   48087.3899     3632.1820    4842.9093             26625.6814                  2124.2481    2832.3308             509.0900              0.014854                    0.032582       0.020561                     0.049616                                      0.049616              80.542857                           80.542840                    2472.00                         1.000000                         0.032508                              NaN                            0.030372                                 NaN                               NaN                        0.030372                       0.009322            47431.6598                 3528.3962             4704.5281                      10234.7901                            793.5877                       1058.1170
4MOVE         2023             7  181158.0698    13554.3634   18072.4846            115774.9184                  8771.8077   11695.7436               0.0000              0.047011                    0.096765       0.062248                     0.138219                                      0.138219             239.964286                          238.839275                    2468.25                         1.002400                         0.078303                         0.021927                            0.020640                            0.035737                          0.057663                        0.042565                            NaN           133387.6407                10029.1577            13372.2103                      68105.2351                           5167.5589                       6890.0785
4MOVE         2023             8  132464.6095    10559.0965   14078.7953             95136.7364                  7692.8949   10257.1932            2193.6314              0.044012                    0.068972       0.061629                     0.094867                                      0.094867             170.575610                          170.222480                    2468.00                         1.001160                         0.101899                              NaN                            0.093470                                 NaN                               NaN                        0.093470                       0.017781            96137.3517                 7299.7736             9733.0314                      29505.7663                           2223.0942                       2964.1256
4MOVE         2023             9   22557.0558     1774.3973    2365.8631              6714.0642                   564.6926     752.9233             196.0476              0.011272                    0.026527       0.013824                     0.032923                                      0.032923              65.969512                           65.718300                    2477.40                         1.001650                         0.009515                              NaN                            0.008565                                 NaN                               NaN                        0.008565                       0.006447            32861.0227                 2532.9906             3377.3208                       2047.8434                            158.0788                        210.7718
4MOVE         2023            10  261743.1921    21795.3401   29060.4535            102749.8677                  8549.1034   11398.8045            1984.1738              0.082727                    0.099044       0.115332                     0.135585                                      0.135585             245.963415                          245.455450                    2478.25                         1.001075                         0.042106                              NaN                            0.039711                                 NaN                               NaN                        0.039711                       0.013286           196275.8375                16536.6887            22048.9182                      41336.7507                           3875.2176                       5166.9567

================================================================================
3.02  DISTRIBUTION ANALYSIS WITH SKEWNESS
================================================================================

Skewness Analysis
----------------------------------------
  - Fisher-Pearson skewness coefficient per measure. A value of zero indicates a symmetric distribution; positive values indicate a long right tail.
  - Interpretation follows Kim (2013): absolute skewness above 2 indicates substantial departure from normality, and values between 0.5 and 2 moderate departure.
  - Skewness in the forecast target is the empirical basis for applying a logarithmic transformation before modelling.
  - This coefficient describes the marginal distribution only. It carries no information about temporal dependence, which is characterised separately by the stationarity and autocorrelation analyses.

                                     feature  skewness                                                                          interpretation
                                 sales_value     3.436 Highly right-skewed -- substantial non-normality (Kim, 2013) -> log transform necessary
                                sales_liters     3.764 Highly right-skewed -- substantial non-normality (Kim, 2013) -> log transform necessary
                                 sales_units     3.396 Highly right-skewed -- substantial non-normality (Kim, 2013) -> log transform necessary
                       sales_value_any_promo     3.702 Highly right-skewed -- substantial non-normality (Kim, 2013) -> log transform necessary
                   sales_in_liters_any_promo     3.976 Highly right-skewed -- substantial non-normality (Kim, 2013) -> log transform necessary
                                 promo_units     3.659 Highly right-skewed -- substantial non-normality (Kim, 2013) -> log transform necessary
                         sales_units_any_tpr     3.923 Highly right-skewed -- substantial non-normality (Kim, 2013) -> log transform necessary
                        numeric_distribution     1.774                                                 Right-skewed -- log transform justified
                  numeric_distribution_reach     1.716                                                 Right-skewed -- log transform justified
                               weighted_dist     1.488                                                 Right-skewed -- log transform justified
                 weighted_distribution_reach     1.378                                                 Right-skewed -- log transform justified
total_weighted_distribution_points_tdp_reach     1.378                                                 Right-skewed -- log transform justified
                       number_of_items_reach     1.717                                                 Right-skewed -- log transform justified
          avg_number_of_stores_selling_reach     1.717                                                 Right-skewed -- log transform justified
                   universe_number_of_stores    -0.894                                                                  Left-skewed (negative)
             avg_no_of_items_per_store_reach    32.195 Highly right-skewed -- substantial non-normality (Kim, 2013) -> log transform necessary
             weighted_distribution_any_promo     1.329                                                 Right-skewed -- log transform justified
             weighted_distribution_disp_feat     1.112                                                 Right-skewed -- log transform justified
          weighted_distribution_disp_wo_feat     2.073 Highly right-skewed -- substantial non-normality (Kim, 2013) -> log transform necessary
          weighted_distribution_feat_wo_disp     1.331                                                 Right-skewed -- log transform justified
            weighted_distribution_total_feat     1.184                                                 Right-skewed -- log transform justified
              weighted_distribution_any_disp     1.889                                                 Right-skewed -- log transform justified
               weighted_distribution_any_tpr     1.349                                                 Right-skewed -- log transform justified
                        baseline_sales_value    28.474 Highly right-skewed -- substantial non-normality (Kim, 2013) -> log transform necessary
                    baseline_sales_in_liters     3.884 Highly right-skewed -- substantial non-normality (Kim, 2013) -> log transform necessary
                        baseline_sales_units     3.326 Highly right-skewed -- substantial non-normality (Kim, 2013) -> log transform necessary
              baseline_sales_value_any_promo     3.733 Highly right-skewed -- substantial non-normality (Kim, 2013) -> log transform necessary
          baseline_sales_in_liters_any_promo     4.151 Highly right-skewed -- substantial non-normality (Kim, 2013) -> log transform necessary
              baseline_sales_units_any_promo     3.712 Highly right-skewed -- substantial non-normality (Kim, 2013) -> log transform necessary

================================================================================
3.03  DATE RANGE & TIME PERIOD ANALYSIS
================================================================================

Coverage
----------------------------------------
  - Observed temporal span of the panel. The count of distinct months bounds every window-based feature: a twelve-month rolling statistic is undefined in a series shorter than twelve months.
  - The span also bounds the train-validation-test partition, since each split must retain enough history for the lag structure to be computable within it.

        Metric              Value
    Date Range 2023-01 to 2026-07
  Total Months                 43
    Total Rows              1,702
 Unique Brands                 68
Avg Rows/Brand               25.0

Rows per Brand Distribution
----------------------------------------
  - Distribution of observation counts across brands, showing how much history each brand contributes.
  - Brands with short histories cannot support long lags: a brand observed for fewer months than the longest lag yields no usable training rows once the warm-up period is discarded.
  - A pronounced left tail indicates a panel dominated by short-lived brands, which bears on whether such brands are retained for modelling.

Statistic Rows/Brand
      Min          1
      Max         43
     Mean       25.0
   Median         25
  Std Dev       14.4

================================================================================
3.04  STRUCTURAL BREAK SCAN (AUTO-DETECTED)
================================================================================

  Scanned 31 candidate break points across 43 months

Top 3 Break Candidates by Chow F-statistic
------------------------------------------
  - Chow test for a structural break in the aggregate series. The null hypothesis is that the same relationship holds before and after the candidate break date (Chow, 1960).
  - A low p-value indicates that the mean or variance of the series shifts at that date. This bears directly on the validity of the temporal split, since a break inside the evaluation window means the held-out period is not drawn from the same regime as the training period.
  - The three strongest candidates are reported rather than a single verdict. With one series and many candidate dates, the procedure is exploratory and subject to multiple-comparisons inflation, so these p-values are not adjusted significance levels.

   date  chow_f  chow_p  mean_ratio  std_ratio
2025-03  19.804  0.0001       1.236      1.231
2025-05  17.178  0.0002       1.228      1.223
2025-06  16.741  0.0002       1.229      1.261

  STRUCTURAL BREAK DETECTED at 2025-03 (Chow F=19.80, p=0.0001)
  -> Consider a binary post_break feature at this date, or separate pre/post models if severity warrants it.

================================================================================
3.05  STATIONARITY TESTING -- PER-BRAND ADF
================================================================================

  H0: non-stationary  |  p < 0.05 -> stationary
  Testing raw, log1p, and first-difference


ADF Test per Brand (top brands by volume)
-----------------------------------------
  - Augmented Dickey-Fuller test per brand. The null hypothesis is the presence of a unit root, that is, non-stationarity; a p-value below 0.05 rejects it in favour of stationarity (Dickey and Fuller, 1979).
  - Failure to reject is weak evidence. The test has low power against near-unit-root alternatives in short samples, and these series span at most 46 monthly observations, so a non-rejection should be read as inconclusive rather than as evidence of a unit root.
  - Non-stationary series motivate either differencing or the inclusion of lagged terms that allow the model to absorb the trend rather than extrapolate it.

             brand  n  p_raw  p_log  p_diff recommendation
          RED BULL 43  0.954  0.934   0.000     log1p+diff
    MONSTER ENERGY 43  0.999  0.998   0.045     log1p+diff
FAXE KONDI BOOSTER 43  0.857  0.706   0.001     log1p+diff
              CULT 43  0.997  0.999   0.046     log1p+diff
             STATE 43  0.000  0.000   0.000            raw
      VITAMIN WELL 43  0.001  0.003   0.006            raw
             X-RAY 33  0.999  0.998   0.029     log1p+diff
          POWERADE 43  0.000  0.000   0.000            raw
             PRIME 39  0.000  0.391   0.167            raw
              XRAY 10  0.089  0.003   0.050          log1p
             NOCCO 43  0.932  0.009   0.000          log1p
    FAXE KONDI PRO 30  0.271  0.000   0.000          log1p
          ROCKSTAR 43  0.888  0.964   0.468     log1p+diff
            NAILED 17  0.154  0.322   0.120     log1p+diff
              PURE 16  0.687  0.119   0.001     log1p+diff
         POWERKING 43  0.760  0.667   0.987     log1p+diff
     STATE VITAMIN 43  0.006  0.062   0.000            raw
          GATORADE 43  0.002  0.025   0.000            raw
              SMAG 43  0.044  0.852   0.004            raw
      BLACK ENERGY 14  0.000  0.748   0.003            raw

  CROSS-BRAND STATIONARITY SUMMARY (20 brands tested):
    Stationary raw:             8/20 (40%)
    Stationary after log1p:     3/20 (15%)
    Needs log1p + differencing: 9/20 (45%)

  -> LOG TRANSFORM SUPPORTED (majority of brands benefit)
  Note: given the per-brand spread above, feature engineering should apply log1p universally for stability.

  Aggregate series (reference only): ADF p=0.9768 (non-stationary)
  The aggregate can mask per-brand heterogeneity -- the per-brand result above takes precedence.

================================================================================
3.06  BRAND STABILITY ANALYSIS (SERIES LENGTH)
================================================================================

Brand Retention at Different MIN_PERIODS Thresholds
---------------------------------------------------
  - Number of brands retained at each candidate minimum-observation threshold, expressed as both a count and a share of the full brand set.
  - Candidate thresholds are generated from the observed span of this panel, so the ladder is comparable across categories with different histories.
  - The trade-off is explicit: a higher threshold yields longer and more complete series at the cost of brand coverage, narrowing the population to which results generalise.
  - The point at which retention falls sharply identifies where the panel's usable history is concentrated.

 Min Periods  Brands Retained % of Total Data Quality
           5               62      91.2%          Low
          10               55      80.9%          Low
          15               50      73.5%          Low
          20               38      55.9%          Low
          25               34      50.0%          Low
          30               31      45.6%       Medium
          35               22      32.4%       Medium
          40               18      26.5%         High

  MIN_PERIODS is not selected here. The retention curve above is the evidence;
  the threshold is a modelling decision made in step 3 (P0036 task 8, open).
  Observed series length: min=1, max=43, median=25

================================================================================
3.07  ZERO-SALES CHARACTERISATION
================================================================================

Zero-Sales Characterisation across 68 brands
--------------------------------------------
  - Brands classified by the position of zero-sales months in their series: leading zeros preceding market entry, trailing zeros following exit, intermittent zeros interspersed through an active period, or none.
  - The distinction is substantive. Leading and trailing zeros denote periods in which the brand was not on the market, whereas intermittent zeros are realised demand of zero and are part of the process being modelled; discarding the latter would bias the target distribution upward.
  - Intermittent demand also constrains the choice of accuracy metric, since percentage-error measures are undefined when the actual value is zero (Hyndman and Koehler, 2006).

    type  brands
no zeros      68

  Brands with any zeros: 0 / 68

  Imputation implications:
    Clustered (entry/exit) -> exclude pre-entry periods; carry a distribution indicator
    Scattered (data gaps)  -> forward-fill up to 2 periods; flag with a missingness indicator
    Rolling means must handle zeros before computing, or lags understate the true trend.

================================================================================
3.08  SEASONAL PATTERN ANALYSIS (HOLIDAY EFFECT)
================================================================================

Monthly Sales Distribution (Full Year)
----------------------------------------
  - Total sales by calendar month, aggregated across all years and brands, describing the seasonal profile of the category.
  - This profile is confounded with trend: a category growing over the observation window inflates whichever calendar months its later years cover more heavily. The decomposition analysis separates the two components.
  - Months of elevated demand identified here provide the empirical basis for calendar features representing seasonal peaks.

 Month Month Name Sales Units % of Total Classification
     1        Jan  27,184,161       7.8%         Valley
     2        Feb  27,777,010       8.0%         Normal
     3        Mar  37,152,577      10.7%           PEAK
     4        Apr  30,393,202       8.8%         Normal
     5        May  32,433,109       9.4%         Normal
     6        Jun  41,625,869      12.0%           PEAK
     7        Jul  30,604,038       8.8%         Normal
     8        Aug  22,797,637       6.6%         Valley
     9        Sep  29,836,182       8.6%         Normal
    10        Oct  21,529,345       6.2%         Valley
    11        Nov  20,883,159       6.0%         Valley
    12        Dec  24,436,582       7.0%         Valley

Peak & Valley Analysis
----------------------------------------
  - Highest and lowest months of the seasonal profile, with their ratio as a single-figure measure of seasonal amplitude.
  - A large peak-to-trough ratio supports the inclusion of month-of-year features; a flat profile indicates such features would add parameters without explanatory value.

                 Category      Months % of Sales
             Top 3 Months   [6, 3, 5]      32.1%
          Bottom 3 Months [11, 10, 8]      18.8%
Holiday Months (75th pct)   [3, 5, 6]      32.1%

  Observed holiday months (top quartile, each >= 31,061,306 units): [3, 5, 6]

================================================================================
3.09  MONTHLY SALES BAR PLOT
================================================================================
  Peak months (highlighted): [3, 5, 6]
  Valley months: [11, 10, 8]

================================================================================
3.10  SEASONAL DECOMPOSITION
================================================================================

  Additive residual variance:       1.37e+10
  Multiplicative residual variance: 2.44e-04
  -> Selected model: 'multiplicative' (lower residual variance)

  Trend over the observed window: Increasing
  Seasonal peaks (top 3 months): [9, 6, 3]
  Compare with 3.08 top-quartile months: [3, 5, 6]

================================================================================
3.11  TOP BRANDS TIME SERIES
================================================================================

Top 5 Brands by Total Sales
----------------------------------------
  - Brands ranked by cumulative sales volume over the observation window.
  - These brands dominate any volume-weighted error metric, so a model may report strong aggregate accuracy while performing poorly across the remaining brands. Disaggregated reporting is therefore necessary to characterise performance.
  - The ranking reflects volume, not predictability. A high-volume brand is not necessarily a stable or readily forecastable one.

 Rank              Brand Total Sales
    1           RED BULL  95,510,635
    2     MONSTER ENERGY  95,200,963
    3 FAXE KONDI BOOSTER  83,710,989
    4               CULT  12,282,263
    5              STATE  11,634,076

================================================================================
3.12  CROSS-BRAND HETEROGENEITY
================================================================================

Sales CV (std/mean) across 67 brands
----------------------------------------
  - Coefficient of variation per brand, defined as the standard deviation divided by the mean, which normalises volatility by scale and so permits comparison across brands of different sizes.
  - A high coefficient identifies an intrinsically harder series. The dispersion of this statistic across brands is the basis for expecting heterogeneous accuracy rather than treating a single aggregate error as representative of all brands.
  - The statistic is undefined for a brand with zero mean and unstable for near-zero means, so extreme values should be read alongside the zero-sales characterisation.

Statistic    CV
      Min 0.039
      P25 0.448
   Median 0.807
      P75 1.358
      Max 2.086

  Brands with CV > 1.0 (high volatility): 26 / 67
  High CV means the sales pattern varies greatly over time, which is harder for a single pooled model.

  Distribution of brands' peak sales month:
    Jan: ###### (6)
    Feb: ## (2)
    Mar: ########### (11)
    Apr: ###### (6)
    May: # (1)
    Jun: ######################### (25)
    Jul: ### (3)
    Aug: ## (2)
    Sep: ##### (5)
    Oct: ## (2)
    Nov: ### (3)
    Dec: ## (2)

Brands' Peak Sales Month
----------------------------------------
  - The calendar month of peak sales for each brand, indicating whether brands share the category-level seasonal pattern or exhibit individual ones.
  - Clustering of peaks supports a single shared seasonal feature. Dispersed peaks indicate brand-specific seasonality, which requires seasonal terms that vary by brand rather than a single category-wide profile.

Month  Brands Peaking
  Jan               6
  Feb               2
  Mar              11
  Apr               6
  May               1
  Jun              25
  Jul               3
  Aug               2
  Sep               5
  Oct               2
  Nov               3
  Dec               2

  Peak-month concentration: 0.37 (1.0 = all brands peak in the same month)
  -> Most brands share a peak month; a shared seasonal feature is likely sufficient.

  Heterogeneity verdict:
    High CV + varied peak months -> consider brand fixed effects or per-brand models.
    A single pooled model is viable only with a brand embedding or categorical feature.

================================================================================
3.13  PROMO INTENSITY ACROSS BRANDS
================================================================================

Promo Intensity per Brand (where promo > 0)
-------------------------------------------
  - Brands ranked by promotional intensity, defined as promoted units as a share of total units sold.
  - The measure identifies which brands rely on promotional activity. It is reported only for categories in which Nielsen supplied promotional measures.
  - The comparison is descriptive rather than causal. Promotional intensity reflects commercial strategy, and promoted brands differ systematically from unpromoted ones in ways not captured here.

Statistic Promo Intensity
      Min           0.126
      P25           0.370
   Median           0.528
      P75           0.620
      Max           0.945

  Brands with any promotional activity: 61 / 68
  Rows with promo_units > 0: 1,369 / 1,702 (80.4%)

================================================================================
3.14  MEASURE-COLUMN DATA QUALITY
================================================================================

Measure-Column Quality Scan
----------------------------------------
  - Per-measure scan for two data-quality conditions: values that are impossible given the measure's definition, and rate measures that would be corrupted by summation.
  - Counts and shares cannot be negative by definition, so any negative values reported here indicate defects in the delivered data. They are reported rather than adjusted, since imputing a substitute value would present a fabricated figure as an observation.
  - Measures observed entirely within the interval [0, 100] behave as rates rather than counts and must be averaged when aggregating across records. Summing two distribution figures of 70 per cent into 140 per cent is the specific error this check identifies.
  - The resulting classification of measures as additive or intensive determines the aggregation function applied to each when constructing the brand-month panel.

                                      column         min          max         mean  nulls  zeros  negatives  neg_pct  in_0_100
                                 sales_value    5.000000 5.749336e+07 2.954004e+06      0      0          0    0.000     False
                                sales_liters    0.040000 2.185647e+06 9.430911e+04      0      0          0    0.000     False
                                 sales_units    1.000000 3.561737e+06 2.036738e+05      0      0          0    0.000     False
                       sales_value_any_promo    0.000000 3.559515e+07 1.608761e+06      0    333          0    0.000     False
                   sales_in_liters_any_promo    0.000000 1.388970e+06 5.433459e+04      0    333          0    0.000     False
                                 promo_units    0.000000 2.461378e+06 1.202783e+05      0    333          0    0.000     False
                         sales_units_any_tpr   -5.000000 1.692844e+06 7.619608e+04      0    380          1    0.059     False
                        numeric_distribution    0.000078 7.113295e-01 8.145461e-02      0      0          0    0.000      True
                  numeric_distribution_reach    0.000391 8.730017e-01 1.147326e-01      0      0          0    0.000      True
                               weighted_dist    0.000017 7.886963e-01 1.087988e-01      0      0          0    0.000      True
                 weighted_distribution_reach    0.000044 9.349417e-01 1.471934e-01      0      0          0    0.000      True
total_weighted_distribution_points_tdp_reach    0.000044 9.349417e-01 1.471934e-01      0      0          0    0.000      True
                       number_of_items_reach    1.000000 2.201829e+03 2.897872e+02      0      0          0    0.000     False
          avg_number_of_stores_selling_reach    1.000000 2.199746e+03 2.893026e+02      0      0          0    0.000     False
                   universe_number_of_stores 2468.000000 2.556000e+03 2.523356e+03      0      0          0    0.000     False
             avg_no_of_items_per_store_reach    0.983700 2.000000e+00 1.002614e+00      0      0          0    0.000      True
             weighted_distribution_any_promo    0.000012 4.854800e-01 8.002620e-02    332      0          0    0.000      True
             weighted_distribution_disp_feat    0.000240 9.173500e-02 2.098141e-02   1190      0          0    0.000      True
          weighted_distribution_disp_wo_feat    0.000099 3.346350e-01 4.130373e-02    503      0          0    0.000      True
          weighted_distribution_feat_wo_disp    0.000481 1.668602e-01 3.664861e-02   1141      0          0    0.000      True
            weighted_distribution_total_feat    0.000240 2.585950e-01 5.351768e-02   1139      0          0    0.000      True
              weighted_distribution_any_disp    0.000099 3.629007e-01 4.765203e-02    503      0          0    0.000      True
               weighted_distribution_any_tpr    0.000012 4.047570e-01 5.121544e-02    380      0          0    0.000      True
                        baseline_sales_value    1.032300 5.952243e+08 2.902023e+06      0      0          0    0.000     False
                    baseline_sales_in_liters    0.025500 1.961832e+06 7.895122e+04      0      0          0    0.000     False
                        baseline_sales_units    0.086000 2.890565e+06 1.597620e+05      0      0          0    0.000     False
              baseline_sales_value_any_promo    0.000000 2.504306e+07 1.045445e+06      0    363          0    0.000     False
          baseline_sales_in_liters_any_promo    0.000000 8.902611e+05 3.029663e+04      0    363          0    0.000     False
              baseline_sales_units_any_promo    0.000000 1.485082e+06 6.757559e+04      0    363          0    0.000     False

  1 column(s) carry negative values:
    sales_units_any_tpr: 1 rows (0.059%), min=-5.0000
  A negative share or distribution value is impossible by definition, so these are delivery defects.
  Reported, not corrected: clipping would manufacture a plausible-looking value and hide the problem (F42 open).

  Column(s) observed entirely within [0, 100], consistent with a rate/share rather than a count:
    numeric_distribution
    numeric_distribution_reach
    weighted_dist
    weighted_distribution_reach
    total_weighted_distribution_points_tdp_reach
    avg_no_of_items_per_store_reach
    weighted_distribution_any_promo
    weighted_distribution_disp_feat
    weighted_distribution_disp_wo_feat
    weighted_distribution_feat_wo_disp
    weighted_distribution_total_feat
    weighted_distribution_any_disp
    weighted_distribution_any_tpr
  Relevant to F39: such columns must be averaged, not summed, when aggregating (70% + 70% != 140%).

================================================================================
3.15  EMPIRICAL CDF OF THE FORECAST TARGET
================================================================================

Target Distribution Quantiles (sales_units)
-------------------------------------------
  - Cumulative share of brand-months at or below each value of the forecast target, describing the distribution without the bin-width dependence inherent in a histogram.
  - The interval between the median and the upper decile measures the concentration of sales volume that the model must accommodate.
  - A pronounced right tail is the empirical basis for a logarithmic transformation of the target. The second panel of the accompanying figure shows the transformed distribution, in which an approximately linear curve indicates the transformation has achieved approximate symmetry.
  - This presentation complements the skewness coefficient, which summarises asymmetry as a single number, by showing where in the distribution that asymmetry arises.

quantile       value
     p25    644.0195
     p50   7901.0000
     p75  70871.0967
     p90 322775.4359

================================================================================
3.16  AUTOCORRELATION STRUCTURE (ACF / PACF)
================================================================================

Significant ACF Lags per Brand
----------------------------------------
  - Lags at which the sample autocorrelation exceeds the 95 per cent confidence band of plus or minus 1.96 divided by the square root of the sample size, the standard criterion for identifying significant autocorrelation (Box and Jenkins, 1970).
  - Lags significant across a majority of the leading brands indicate category-level temporal structure, whereas a lag significant for a single brand is more plausibly sampling variation.
  - Significance at lag 12 indicates annual seasonality; significance at lags 1 to 3 indicates short-run persistence. Both motivate the inclusion of lagged sales as predictors.
  - Autocorrelations are computed on the logarithmic transformation of the target, so the reported lags describe the series in the form in which it is modelled.
  - The confidence band assumes a stationary series; where the stationarity tests are inconclusive, significance at long lags may reflect trend rather than genuine seasonal dependence.

             brand  n_periods  conf_band                                    significant_lags
          RED BULL         43     0.2989                               [3, 6, 9, 12, 15, 18]
    MONSTER ENERGY         43     0.2989                     [1, 2, 3, 6, 9, 10, 12, 15, 18]
FAXE KONDI BOOSTER         43     0.2989              [1, 2, 3, 4, 6, 9, 10, 11, 12, 15, 18]
              CULT         43     0.2989 [1, 2, 3, 4, 5, 6, 7, 8, 9, 10, 11, 12, 13, 14, 15]
             STATE         43     0.2989                             [1, 2, 3, 6, 9, 12, 18]

================================================================================
3.17  PROMO INTENSITY DISTRIBUTION
================================================================================

Promo Intensity Distribution Summary
----------------------------------------
  - Distribution of promotional intensity, defined as promoted units divided by total units, together with the sales distribution of promoted and unpromoted brand-months.
  - Promoted units are a subset of total units in the Nielsen measurement model, so an intensity exceeding one is not interpretable and indicates a defect in the delivered data.
  - The boxplot compares the level of sales between promoted and unpromoted brand-months. A pronounced difference in location motivates promotional features; substantially overlapping distributions indicate limited explanatory value.
  - The comparison is descriptive and cannot be read as promotional uplift. Promotions are allocated to brands and periods on commercial grounds, so the observed difference reflects selection into promotion as well as any effect of it.

                       metric      value
               mean intensity     0.4253
             median intensity     0.4905
                     skewness    -0.2082
              rows with promo  1369.0000
           rows without promo   333.0000
   median sales_units (promo) 14925.0000
median sales_units (no promo)    33.0000
      rows with intensity > 1     0.0000

================================================================================
3.18  CORRELATION STRUCTURE (PEARSON vs SPEARMAN)
================================================================================

Correlation with sales_units
----------------------------------------
  - Pearson and Spearman correlation of each measure with the forecast target. Pearson quantifies linear association; Spearman quantifies monotone association between ranks.
  - A large absolute difference between the two coefficients indicates a relationship that is monotone but not linear, identifying measures for which a transformation is more appropriate than inclusion in raw form.
  - The rank-based coefficient is the more robust of the two for this data, since the target is right-skewed and the product-moment correlation is sensitive to the resulting extreme values.
  - These correlations are contemporaneous. The measures are observed in the same month as the target, so a high coefficient does not establish predictive value at a one-month forecast horizon.
  - Association reported here is descriptive and does not identify a causal relationship between any measure and sales.

                                      column  pearson_r  spearman_r  abs_delta  non_linear
                                 sales_value     0.9967      0.9927     0.0041       False
                        baseline_sales_units     0.9918      0.9847     0.0071       False
                                 promo_units     0.9890      0.9688     0.0202       False
                       sales_value_any_promo     0.9876      0.9642     0.0235       False
              baseline_sales_units_any_promo     0.9837      0.9605     0.0232       False
              baseline_sales_value_any_promo     0.9820      0.9575     0.0245       False
                         sales_units_any_tpr     0.9706      0.9388     0.0318       False
                                sales_liters     0.9688      0.9953     0.0264       False
                   sales_in_liters_any_promo     0.9680      0.9665     0.0015       False
          baseline_sales_in_liters_any_promo     0.9541      0.9582     0.0041       False
                    baseline_sales_in_liters     0.9466      0.9808     0.0343       False
          weighted_distribution_feat_wo_disp     0.6613      0.5865     0.0748       False
            weighted_distribution_total_feat     0.6349      0.5716     0.0633       False
                        baseline_sales_value     0.5387      0.9833     0.4446        True
               weighted_distribution_any_tpr     0.4997      0.7550     0.2553        True
             weighted_distribution_any_promo     0.4646      0.7992     0.3345        True
                        numeric_distribution     0.4597      0.9214     0.4617        True
             weighted_distribution_disp_feat     0.4533      0.4209     0.0324       False
                               weighted_dist     0.4206      0.8852     0.4645        True
                       number_of_items_reach     0.3903      0.8983     0.5080        True
          avg_number_of_stores_selling_reach     0.3900      0.8983     0.5083        True
                  numeric_distribution_reach     0.3896      0.8983     0.5087        True
total_weighted_distribution_points_tdp_reach     0.3592      0.8552     0.4961        True
                 weighted_distribution_reach     0.3592      0.8552     0.4961        True
              weighted_distribution_any_disp     0.3289      0.7139     0.3850        True
          weighted_distribution_disp_wo_feat     0.2631      0.6856     0.4225        True
             avg_no_of_items_per_store_reach    -0.0080      0.5429     0.5509        True
                   universe_number_of_stores     0.0018     -0.0890     0.0907       False

Near-Duplicate Column Pairs (|r| > 0.9)
----------------------------------------
  - Pairs of measures whose absolute Pearson correlation exceeds 0.9, the conventional threshold for treating two variables as carrying substantially equivalent information.
  - Retaining both members of such a pair introduces collinearity without adding explanatory content.
  - Collinearity inflates the sampling variance of coefficient estimates in linear models. Tree-based ensembles are robust to it in terms of predictive accuracy, but distribute split importance across the correlated measures, which renders variable-importance rankings unreliable.
  - High correlation between two measures does not by itself determine which of them to retain; that requires their definitions and their individual association with the target.

                                    column_a                                     column_b  pearson_r
                       number_of_items_reach           avg_number_of_stores_selling_reach     1.0000
                 weighted_distribution_reach total_weighted_distribution_points_tdp_reach     1.0000
                  numeric_distribution_reach                        number_of_items_reach     0.9999
                  numeric_distribution_reach           avg_number_of_stores_selling_reach     0.9999
                                 sales_value                                  sales_units     0.9967
                       sales_value_any_promo               baseline_sales_units_any_promo     0.9952
                       sales_value_any_promo                                  promo_units     0.9950
              baseline_sales_value_any_promo               baseline_sales_units_any_promo     0.9947
                       sales_value_any_promo               baseline_sales_value_any_promo     0.9934
                                 sales_value                         baseline_sales_units     0.9931
                   sales_in_liters_any_promo           baseline_sales_in_liters_any_promo     0.9923
                                 sales_units                         baseline_sales_units     0.9918
                                sales_liters                    sales_in_liters_any_promo     0.9908
                                 promo_units               baseline_sales_units_any_promo     0.9902
                                 sales_units                                  promo_units     0.9890
                                 sales_value                        sales_value_any_promo     0.9885
                                sales_liters                     baseline_sales_in_liters     0.9877
                                 sales_units                        sales_value_any_promo     0.9876
                               weighted_dist                  weighted_distribution_reach     0.9866
                               weighted_dist total_weighted_distribution_points_tdp_reach     0.9866
                                sales_liters           baseline_sales_in_liters_any_promo     0.9860
                        numeric_distribution                   numeric_distribution_reach     0.9859
                        numeric_distribution                        number_of_items_reach     0.9858
                        numeric_distribution           avg_number_of_stores_selling_reach     0.9858
                                 sales_value               baseline_sales_value_any_promo     0.9850
                                 promo_units               baseline_sales_value_any_promo     0.9849
                                 sales_units               baseline_sales_units_any_promo     0.9837
                                 sales_value               baseline_sales_units_any_promo     0.9833
                                 promo_units                          sales_units_any_tpr     0.9832
                                 sales_value                                  promo_units     0.9828
                                 sales_units               baseline_sales_value_any_promo     0.9820
          weighted_distribution_disp_wo_feat               weighted_distribution_any_disp     0.9798
                    baseline_sales_in_liters           baseline_sales_in_liters_any_promo     0.9791
                        baseline_sales_units               baseline_sales_value_any_promo     0.9775
                        baseline_sales_units               baseline_sales_units_any_promo     0.9772
                       sales_value_any_promo                         baseline_sales_units     0.9763
                  numeric_distribution_reach                  weighted_distribution_reach     0.9739
                  numeric_distribution_reach total_weighted_distribution_points_tdp_reach     0.9739
                 weighted_distribution_reach           avg_number_of_stores_selling_reach     0.9736
total_weighted_distribution_points_tdp_reach           avg_number_of_stores_selling_reach     0.9736
                 weighted_distribution_reach                        number_of_items_reach     0.9735
total_weighted_distribution_points_tdp_reach                        number_of_items_reach     0.9735
                        numeric_distribution                                weighted_dist     0.9729
                   sales_in_liters_any_promo                     baseline_sales_in_liters     0.9723
                                 sales_value                                 sales_liters     0.9718
                                 promo_units                         baseline_sales_units     0.9713
                                sales_liters                         baseline_sales_units     0.9709
                                 sales_units                          sales_units_any_tpr     0.9706
                       sales_value_any_promo                          sales_units_any_tpr     0.9702
                  numeric_distribution_reach                                weighted_dist     0.9698
                               weighted_dist           avg_number_of_stores_selling_reach     0.9695
                               weighted_dist                        number_of_items_reach     0.9695
                                 sales_value                    sales_in_liters_any_promo     0.9692
                                sales_liters                                  sales_units     0.9688
                   sales_in_liters_any_promo               baseline_sales_value_any_promo     0.9683
                                 sales_units                    sales_in_liters_any_promo     0.9680
              baseline_sales_value_any_promo           baseline_sales_in_liters_any_promo     0.9664
                       sales_value_any_promo                    sales_in_liters_any_promo     0.9646
                    baseline_sales_in_liters                         baseline_sales_units     0.9639
          weighted_distribution_feat_wo_disp             weighted_distribution_total_feat     0.9629
                   sales_in_liters_any_promo                         baseline_sales_units     0.9627
                                 sales_value                          sales_units_any_tpr     0.9605
                         sales_units_any_tpr               baseline_sales_value_any_promo     0.9593
                                 sales_value           baseline_sales_in_liters_any_promo     0.9592
                   sales_in_liters_any_promo               baseline_sales_units_any_promo     0.9586
                        baseline_sales_units           baseline_sales_in_liters_any_promo     0.9579
                         sales_units_any_tpr               baseline_sales_units_any_promo     0.9577
                   sales_in_liters_any_promo                                  promo_units     0.9574
          baseline_sales_in_liters_any_promo               baseline_sales_units_any_promo     0.9554
                                 sales_units           baseline_sales_in_liters_any_promo     0.9541
                                sales_liters               baseline_sales_value_any_promo     0.9540
                                 sales_value                     baseline_sales_in_liters     0.9534
                       sales_value_any_promo           baseline_sales_in_liters_any_promo     0.9529
                        numeric_distribution total_weighted_distribution_points_tdp_reach     0.9509
                        numeric_distribution                  weighted_distribution_reach     0.9509
                                sales_liters                        sales_value_any_promo     0.9477
                                 sales_units                     baseline_sales_in_liters     0.9466
                         sales_units_any_tpr                         baseline_sales_units     0.9441
                   sales_in_liters_any_promo                          sales_units_any_tpr     0.9429
                                sales_liters               baseline_sales_units_any_promo     0.9427
                                sales_liters                                  promo_units     0.9395
                                 promo_units           baseline_sales_in_liters_any_promo     0.9390
                    baseline_sales_in_liters               baseline_sales_value_any_promo     0.9377
                               weighted_dist              weighted_distribution_any_promo     0.9253
                                sales_liters                          sales_units_any_tpr     0.9251
                    baseline_sales_in_liters               baseline_sales_units_any_promo     0.9246
                       sales_value_any_promo                     baseline_sales_in_liters     0.9240
                         sales_units_any_tpr           baseline_sales_in_liters_any_promo     0.9147
             weighted_distribution_any_promo               weighted_distribution_any_disp     0.9137
             weighted_distribution_any_promo                weighted_distribution_any_tpr     0.9119
                                 promo_units                     baseline_sales_in_liters     0.9101
                 weighted_distribution_reach              weighted_distribution_any_promo     0.9039
total_weighted_distribution_points_tdp_reach              weighted_distribution_any_promo     0.9039

================================================================================
STEP 2 SUMMARY -- Energidrikke
================================================================================
  Sections completed: 18 / 18
  Tables written:     22 -> Z:\_dev-ssd\thesis-manifold\02_thesis_data\_02_preprocessing\nielsen\Energidrikke\pipeline_step_outputs\energidrikke_eda_tables
  Plots written:      8 -> Z:\_dev-ssd\thesis-manifold\02_thesis_data\_02_preprocessing\nielsen\Energidrikke\pipeline_step_outputs\energidrikke_eda_plots

  This step derives no parameters. Its output is evidence for Chapter 4;
  the feature-engineering contract is step 3's responsibility.
