
===============================================================================
=
Nielsen Energidrikke — Step 0: Validate Parquet Cache
===============================================================================
=


================================================================================
Energidrikke Preprocessing Configuration
================================================================================
  Category:        Energidrikke
  Views dir:       Z:\_dev-ssd\thesis-manifold\02_thesis_data\_01_converted\nielsen\parquet_nielsen\Energidrikke\views
  Step outputs:    Z:\_dev-ssd\thesis-manifold\02_thesis_data\_02_preprocessing\nielsen\Energidrikke\pipeline_step_outputs
  Output findings: Z:\_dev-ssd\thesis-manifold\02_thesis_data\_02_preprocessing\nielsen\Energidrikke\pipeline_step_outputs\energidrikke_eda_findings.json
  Plots directory: Z:\_dev-ssd\thesis-manifold\02_thesis_data\_02_preprocessing\nielsen\Energidrikke\pipeline_step_outputs\energidrikke_eda_plots

ML TARGET DEFINITION
  Y                    = log1p(sales_units_{t+1})
  Forecast horizon (H) = 1 month(s)
  Log transform        = True
  Warmup buffer        = 13 periods (excluded per brand)

================================================================================
CACHE VERIFICATION SUMMARY
================================================================================
Category:       Energidrikke
Cache location: Z:\_dev-ssd\thesis-manifold\02_thesis_data\_01_converted\nielsen\parquet_nielsen\Energidrikke\views
Status: OK -- [Energidrikke] All 4 required parquet view files present
  energidrikke_clean_dim_market_v.parquet  (0.0 MB)
  energidrikke_clean_dim_period_v.parquet  (0.0 MB)
  energidrikke_clean_dim_product_v.parquet  (0.1 MB)
  energidrikke_clean_facts_v.parquet  (262.1 MB)
================================================================================
ℹ INFO: Console log: 
Z:\_dev-ssd\thesis-manifold\02_thesis_data\_02_preprocessing\nielsen\Energidrik
ke\pipeline_step_outputs\step_0_console.log

✓ Completed in 0.0s

