================================================================================
STEP 4 -- ENGINEER FEATURES: Energidrikke (horizon=3)
================================================================================

Contract: energidrikke_eda_findings_h3.json (version 1.1)
  target                = sales_units
  min_periods           = 17
  lags                  = [1, 2, 3, 4, 8, 13]
  rolling_windows       = [4, 13]
  peak_months        = [3, 6, 9]
  log_transform_target  = True

Rebuilding the analysis panel via step 1...
  Loading view parquet files...
  Facts shape:    (55216, 32)
  Products shape: (1271, 25)
  Periods shape:  (43, 9)
  Markets shape:  (86, 6)
  Discovered 29 measure columns (13 additive, 16 intensive)
  Panel: 1,702 rows x 32 columns, 68 brands

Applying the contract...

FEATURE MATRIX
  panel in              = 1,702 rows / 68 brands
  after calendar fill   = 2,924 rows
  after min_periods     = 1,892 rows / 44 brands (24 dropped)
  engineered            = 1,892 rows x 47 columns
  peak flag set on      = [3, 6, 9] (matches contract)
  promo_intensity       = built

  Matrix   -> Z:\_dev-ssd\thesis-manifold\02_thesis_data\_02_preprocessing\nielsen\Energidrikke\pipeline_step_outputs\step_4_engineered_features_h3.parquet
  Log      -> Z:\_dev-ssd\thesis-manifold\02_thesis_data\_02_preprocessing\nielsen\Energidrikke\pipeline_step_outputs\step_4_log_h3.json
  Table    -> Z:\_dev-ssd\thesis-manifold\02_thesis_data\_02_preprocessing\nielsen\Energidrikke\pipeline_step_outputs\energidrikke_eda_tables
