
===============================================================================
=
Nielsen Energidrikke — Step 1: Load, Merge and Aggregate
===============================================================================
=

================================================================================
LOAD AND MERGE CACHED PARQUET VIEWS
================================================================================
  Loading view parquet files...
  Facts shape:    (3476121, 32)
  Products shape: (1271, 25)
  Periods shape:  (43, 9)
  Markets shape:  (86, 6)

Merged row-level shape: (12139, 36)
Unique brands:          68
Elapsed:                1.71s
================================================================================

================================================================================
AGGREGATE TO BYMONTH GRAIN
================================================================================

Aggregated shape: (1702, 8)
Unique brands:    68
Date range:       2023-01 to 2026-07  (43 distinct periods)
Elapsed:          0.16s
================================================================================

Energidrikke -- brand x month panel (first 10 rows)
---------------------------------------------------
brand  period_year  period_month  sales_units  sales_value  sales_liters  promo_units  weighted_dist
4MOVE         2023             1   27590.1401  294115.0764    20692.6051   21056.7891       0.183891
4MOVE         2023             2    6448.6826   69308.3294     4836.0119    4124.9919       0.041042
4MOVE         2023             3   33870.7475  334662.9604    25403.0608   33470.5004       0.115270
4MOVE         2023             4    4191.3608   43723.1618     3143.5206    3324.5944       0.033363
4MOVE         2023             5   29376.4729  292710.1426    22032.3546   16254.8269       0.084657
4MOVE         2023             6    4842.9093   48087.3899     3632.1820    2832.3308       0.020561
4MOVE         2023             7   18072.4846  181158.0698    13554.3634   11695.7436       0.062248
4MOVE         2023             8   14078.7953  132464.6095    10559.0965   10257.1932       0.061629
4MOVE         2023             9    2365.8631   22557.0558     1774.3973     752.9233       0.013824
4MOVE         2023            10   29060.4535  261743.1921    21795.3401   11398.8045       0.115332

ℹ INFO: Wrote step_1_aggregate_bymonth.parquet  (1,702 rows x 8 cols)
ℹ INFO: Console log: 
Z:\_dev-ssd\thesis-manifold\02_thesis_data\_02_preprocessing\nielsen\Energidrik
ke\pipeline_step_outputs\step_1_console.log

✓ Completed in 2.0s

