
================================================================================
  STEP 6 -- save outputs  (H=1)
================================================================================
================================================================================
STEP 6 -- SAVE OUTPUTS: CSD (horizon=1)
================================================================================

Contract: csd_eda_findings_h1.json
Split:    step_5_split_applied_h1.parquet -- 4,876 rows x 49 columns

ARTIFACTS -> Z:\_dev-ssd\thesis-manifold\02_thesis_data\_03_engineered\bymonth\CSD
  feature_matrix  csd_feature_matrix_h1.parquet
  series_index    csd_series_index_h1.csv
  split_dates     csd_split_dates_h1.json
  manifest        csd_manifest_h1.json

SUMMARY
  brands            = 106
  rows              = 4,876
  features          = 41 (of 49 columns)
  promo available   = True
  train             = 2022-10 .. 2025-05
  val               = 2025-06 .. 2025-12
  test              = 2026-01 .. 2026-07
  test origins      = 7 at horizon 1

  Largest brands by total units:
    HARBOE          237,169,352  (46 periods)
    COCA COLA       218,038,067  (46 periods)
    PEPSI           186,863,901  (46 periods)
    FAXE KONDI      141,584,194  (46 periods)
    FANTA            38,141,526  (46 periods)

  Table    -> Z:\_dev-ssd\thesis-manifold\02_thesis_data\_02_preprocessing\nielsen\CSD\pipeline_step_outputs\csd_eda_tables

================================================================================
  STEP 6 -- save outputs  (H=3)
================================================================================
================================================================================
STEP 6 -- SAVE OUTPUTS: CSD (horizon=3)
================================================================================

Contract: csd_eda_findings_h3.json
Split:    step_5_split_applied_h3.parquet -- 4,370 rows x 49 columns

ARTIFACTS -> Z:\_dev-ssd\thesis-manifold\02_thesis_data\_03_engineered\bymonth\CSD
  feature_matrix  csd_feature_matrix_h3.parquet
  series_index    csd_series_index_h3.csv
  split_dates     csd_split_dates_h3.json
  manifest        csd_manifest_h3.json

SUMMARY
  brands            = 95
  rows              = 4,370
  features          = 41 (of 49 columns)
  promo available   = True
  train             = 2022-10 .. 2025-05
  val               = 2025-06 .. 2025-12
  test              = 2026-01 .. 2026-07
  test origins      = 5 at horizon 3

  Largest brands by total units:
    HARBOE          237,169,352  (46 periods)
    COCA COLA       218,038,067  (46 periods)
    PEPSI           186,863,901  (46 periods)
    FAXE KONDI      141,584,194  (46 periods)
    FANTA            38,141,526  (46 periods)

  Table    -> Z:\_dev-ssd\thesis-manifold\02_thesis_data\_02_preprocessing\nielsen\CSD\pipeline_step_outputs\csd_eda_tables

================================================================================
  STEP 6 -- save outputs  (H=1)
================================================================================
================================================================================
STEP 6 -- SAVE OUTPUTS: Danskvand (horizon=1)
================================================================================

Contract: danskvand_eda_findings_h1.json
Split:    step_5_split_applied_h1.parquet -- 1,230 rows x 31 columns

ARTIFACTS -> Z:\_dev-ssd\thesis-manifold\02_thesis_data\_03_engineered\bymonth\Danskvand
  feature_matrix  danskvand_feature_matrix_h1.parquet
  series_index    danskvand_series_index_h1.csv
  split_dates     danskvand_split_dates_h1.json
  manifest        danskvand_manifest_h1.json

SUMMARY
  brands            = 30
  rows              = 1,230
  features          = 23 (of 31 columns)
  promo available   = False
  train             = 2023-03 .. 2025-07
  val               = 2025-08 .. 2026-01
  test              = 2026-02 .. 2026-07
  test origins      = 6 at horizon 1

  Largest brands by total units:
    HARBOE           73,560,373  (41 periods)
    BLUE KELD        25,136,770  (41 periods)
    FIRST PRICE      16,138,631  (41 periods)
    AQUA D'OR        13,559,660  (41 periods)
    KILDEVÆLD         8,483,825  (41 periods)

  Table    -> Z:\_dev-ssd\thesis-manifold\02_thesis_data\_02_preprocessing\nielsen\Danskvand\pipeline_step_outputs\danskvand_eda_tables

================================================================================
  STEP 6 -- save outputs  (H=3)
================================================================================
================================================================================
STEP 6 -- SAVE OUTPUTS: Danskvand (horizon=3)
================================================================================

Contract: danskvand_eda_findings_h3.json
Split:    step_5_split_applied_h3.parquet -- 1,189 rows x 31 columns

ARTIFACTS -> Z:\_dev-ssd\thesis-manifold\02_thesis_data\_03_engineered\bymonth\Danskvand
  feature_matrix  danskvand_feature_matrix_h3.parquet
  series_index    danskvand_series_index_h3.csv
  split_dates     danskvand_split_dates_h3.json
  manifest        danskvand_manifest_h3.json

SUMMARY
  brands            = 29
  rows              = 1,189
  features          = 23 (of 31 columns)
  promo available   = False
  train             = 2023-03 .. 2025-07
  val               = 2025-08 .. 2026-01
  test              = 2026-02 .. 2026-07
  test origins      = 4 at horizon 3

  Largest brands by total units:
    HARBOE           73,560,373  (41 periods)
    BLUE KELD        25,136,770  (41 periods)
    FIRST PRICE      16,138,631  (41 periods)
    AQUA D'OR        13,559,660  (41 periods)
    KILDEVÆLD         8,483,825  (41 periods)

  Table    -> Z:\_dev-ssd\thesis-manifold\02_thesis_data\_02_preprocessing\nielsen\Danskvand\pipeline_step_outputs\danskvand_eda_tables

================================================================================
  STEP 6 -- save outputs  (H=1)
================================================================================
================================================================================
STEP 6 -- SAVE OUTPUTS: Energidrikke (horizon=1)
================================================================================

Contract: energidrikke_eda_findings_h1.json
Split:    step_5_split_applied_h1.parquet -- 2,150 rows x 49 columns

ARTIFACTS -> Z:\_dev-ssd\thesis-manifold\02_thesis_data\_03_engineered\bymonth\Energidrikke
  feature_matrix  energidrikke_feature_matrix_h1.parquet
  series_index    energidrikke_series_index_h1.csv
  split_dates     energidrikke_split_dates_h1.json
  manifest        energidrikke_manifest_h1.json

SUMMARY
  brands            = 50
  rows              = 2,150
  features          = 41 (of 49 columns)
  promo available   = True
  train             = 2023-01 .. 2025-06
  val               = 2025-07 .. 2025-12
  test              = 2026-01 .. 2026-07
  test origins      = 7 at horizon 1

  Largest brands by total units:
    RED BULL         95,510,635  (43 periods)
    MONSTER ENERGY     95,200,963  (43 periods)
    FAXE KONDI BOOSTER     83,710,989  (43 periods)
    CULT             12,282,263  (43 periods)
    STATE            11,634,076  (43 periods)

  Table    -> Z:\_dev-ssd\thesis-manifold\02_thesis_data\_02_preprocessing\nielsen\Energidrikke\pipeline_step_outputs\energidrikke_eda_tables

================================================================================
  STEP 6 -- save outputs  (H=3)
================================================================================
================================================================================
STEP 6 -- SAVE OUTPUTS: Energidrikke (horizon=3)
================================================================================

Contract: energidrikke_eda_findings_h3.json
Split:    step_5_split_applied_h3.parquet -- 1,892 rows x 49 columns

ARTIFACTS -> Z:\_dev-ssd\thesis-manifold\02_thesis_data\_03_engineered\bymonth\Energidrikke
  feature_matrix  energidrikke_feature_matrix_h3.parquet
  series_index    energidrikke_series_index_h3.csv
  split_dates     energidrikke_split_dates_h3.json
  manifest        energidrikke_manifest_h3.json

SUMMARY
  brands            = 44
  rows              = 1,892
  features          = 41 (of 49 columns)
  promo available   = True
  train             = 2023-01 .. 2025-06
  val               = 2025-07 .. 2025-12
  test              = 2026-01 .. 2026-07
  test origins      = 5 at horizon 3

  Largest brands by total units:
    RED BULL         95,510,635  (43 periods)
    MONSTER ENERGY     95,200,963  (43 periods)
    FAXE KONDI BOOSTER     83,710,989  (43 periods)
    CULT             12,282,263  (43 periods)
    STATE            11,634,076  (43 periods)

  Table    -> Z:\_dev-ssd\thesis-manifold\02_thesis_data\_02_preprocessing\nielsen\Energidrikke\pipeline_step_outputs\energidrikke_eda_tables

================================================================================
  STEP 6 -- save outputs  (H=1)
================================================================================
================================================================================
STEP 6 -- SAVE OUTPUTS: RTD (horizon=1)
================================================================================

Contract: rtd_eda_findings_h1.json
Split:    step_5_split_applied_h1.parquet -- 2,952 rows x 47 columns

ARTIFACTS -> Z:\_dev-ssd\thesis-manifold\02_thesis_data\_03_engineered\bymonth\RTD
  feature_matrix  rtd_feature_matrix_h1.parquet
  series_index    rtd_series_index_h1.csv
  split_dates     rtd_split_dates_h1.json
  manifest        rtd_manifest_h1.json

SUMMARY
  brands            = 72
  rows              = 2,952
  features          = 39 (of 47 columns)
  promo available   = False
  train             = 2023-03 .. 2025-07
  val               = 2025-08 .. 2026-01
  test              = 2026-02 .. 2026-07
  test origins      = 6 at horizon 1

  Largest brands by total units:
    BREEZER          37,765,591  (41 periods)
    SHAKER           27,903,978  (41 periods)
    SMIRNOFF ICE/TWISTED     25,102,530  (41 periods)
    SOMERSBY         10,850,148  (41 periods)
    MOKAÏ             3,960,037  (41 periods)

  Table    -> Z:\_dev-ssd\thesis-manifold\02_thesis_data\_02_preprocessing\nielsen\RTD\pipeline_step_outputs\rtd_eda_tables

================================================================================
  STEP 6 -- save outputs  (H=3)
================================================================================
================================================================================
STEP 6 -- SAVE OUTPUTS: RTD (horizon=3)
================================================================================

Contract: rtd_eda_findings_h3.json
Split:    step_5_split_applied_h3.parquet -- 2,542 rows x 47 columns

ARTIFACTS -> Z:\_dev-ssd\thesis-manifold\02_thesis_data\_03_engineered\bymonth\RTD
  feature_matrix  rtd_feature_matrix_h3.parquet
  series_index    rtd_series_index_h3.csv
  split_dates     rtd_split_dates_h3.json
  manifest        rtd_manifest_h3.json

SUMMARY
  brands            = 62
  rows              = 2,542
  features          = 39 (of 47 columns)
  promo available   = False
  train             = 2023-03 .. 2025-07
  val               = 2025-08 .. 2026-01
  test              = 2026-02 .. 2026-07
  test origins      = 4 at horizon 3

  Largest brands by total units:
    BREEZER          37,765,591  (41 periods)
    SHAKER           27,903,978  (41 periods)
    SMIRNOFF ICE/TWISTED     25,102,530  (41 periods)
    SOMERSBY         10,850,148  (41 periods)
    MOKAÏ             3,960,037  (41 periods)

  Table    -> Z:\_dev-ssd\thesis-manifold\02_thesis_data\_02_preprocessing\nielsen\RTD\pipeline_step_outputs\rtd_eda_tables

================================================================================
  PIPELINE SUMMARY
================================================================================

  CSD  H=1   [OK]      0.3s
    step 6      0.3s   save outputs

  CSD  H=3   [OK]      0.2s
    step 6      0.2s   save outputs

  Danskvand  H=1   [OK]      0.1s
    step 6      0.1s   save outputs

  Danskvand  H=3   [OK]      0.1s
    step 6      0.1s   save outputs

  Energidrikke  H=1   [OK]      0.1s
    step 6      0.1s   save outputs

  Energidrikke  H=3   [OK]      0.1s
    step 6      0.1s   save outputs

  RTD  H=1   [OK]      0.1s
    step 6      0.1s   save outputs

  RTD  H=3   [OK]      0.1s
    step 6      0.1s   save outputs

  All 8 run(s) completed.
