
===============================================================================
=
Nielsen CSD — Step 1: Load, Merge and Aggregate
===============================================================================
=

================================================================================
LOAD AND MERGE CACHED PARQUET VIEWS
================================================================================
  Loading view parquet files...
  Facts shape:    (223240, 32)
  Products shape: (2130, 23)
  Periods shape:  (46, 9)
  Markets shape:  (86, 6)

Merged row-level shape: (43114, 36)
Unique brands:          142
Elapsed:                1.28s
================================================================================

================================================================================
AGGREGATE TO BYMONTH GRAIN
================================================================================
  Discovered 29 measure columns (13 additive, 16 intensive)

Aggregated shape: (4209, 32)
Unique brands:    142
Date range:       2022-10 to 2026-07  (46 distinct periods)
Elapsed:          3.87s
================================================================================

CSD -- brand x month panel (first 10 rows)
------------------------------------------
brand  period_year  period_month  sales_value  sales_liters  sales_units  sales_value_any_promo  sales_in_liters_any_promo  promo_units  sales_units_any_tpr  baseline_sales_value  baseline_sales_in_liters  baseline_sales_units  baseline_sales_value_any_promo  baseline_sales_in_liters_any_promo  baseline_sales_units_any_promo  numeric_distribution  numeric_distribution_reach  weighted_dist  weighted_distribution_reach  total_weighted_distribution_points_tdp_reach  number_of_items_reach  avg_number_of_stores_selling_reach  universe_number_of_stores  avg_no_of_items_per_store_reach  weighted_distribution_any_promo  weighted_distribution_disp_and_feat  weighted_distribution_disp_without_feat  weighted_distribution_feat_without_disp  weighted_distribution_total_feat  weighted_distribution_any_disp  weighted_distribution_any_tpr
 1724         2022            10    9861.2336      105.1571     525.7856              1798.6256                    21.4942     107.4712              49.5663            13809.6979                  144.0291              720.1457                         87.7832                              0.9105                          4.5527              0.011775                    0.026242       0.021703                     0.046182                                      0.046182              66.693878                           66.687100                    2541.25                         1.000100                         0.004094                                  NaN                                 0.003248                                      NaN                               NaN                        0.003248                       0.000846
 1724         2022            11    7926.8913       88.4634     433.3169              2715.6204                    34.6486     173.2430             139.1885             7970.8311                   83.3116              407.5579                        550.4512                              5.9183                         29.5914              0.006149                    0.012168       0.010811                     0.020381                                      0.020381              30.833333                           30.837650                    2534.25                         0.999950                         0.004268                                  NaN                                 0.002607                                      NaN                               NaN                        0.002607                       0.002534
 1724         2022            12   25073.0004      247.2428    1076.2141              5424.7308                    74.7092     373.5461             366.6538            26168.8491                  213.3755              784.8328                       1644.5812                             17.4881                         87.4406              0.004236                    0.008689       0.007598                     0.014200                                      0.014200              21.907609                           21.910500                    2521.60                         0.999975                         0.006383                                  NaN                                 0.000886                                      NaN                               NaN                        0.000886                       0.005497
 1724         2023             1   11224.5100      112.8000     497.0000              4966.1694                    37.6565     131.2825             131.2825            15553.4573                  140.6261              677.5337                       1261.9438                              7.1456                         20.1310              0.003255                    0.007705       0.006467                     0.015338                                      0.015338              19.333333                           19.333333                    2509.25                         1.000000                         0.001891                                  NaN                                      NaN                                      NaN                               NaN                             NaN                       0.001891
 1724         2023             2    8414.5191      111.0058     540.0291              2254.1200                    26.0234     130.1168              77.1582             8500.9306                  110.2274              538.9846                        452.9607                              4.0538                         20.2692              0.003581                    0.008206       0.007099                     0.014603                                      0.014603              20.587302                           20.579367                    2507.75                         1.000133                         0.002739                                  NaN                                 0.001194                                      NaN                               NaN                        0.001194                       0.001545
 1724         2023             3   10218.2028      114.9368     544.6839              3103.0882                    44.9467     209.7336             205.8526             9823.6756                  115.4154              570.0569                        475.2725                              4.2123                         20.4433              0.005510                    0.012771       0.011504                     0.024593                                      0.024593              31.918605                           31.907900                    2498.40                         1.000200                         0.003429                                  NaN                                 0.000874                                      NaN                               NaN                        0.000874                       0.002992
 1724         2023             4    8883.0222       82.7654     359.8268              2019.6994                    17.8206      68.1029              68.1029             6440.1509                   71.2025              324.4395                        398.2986                              1.8194                          2.9843              0.004799                    0.011187       0.008025                     0.018387                                      0.018387              27.918605                           27.924400                    2496.25                         0.999900                         0.000502                                  NaN                                      NaN                                      NaN                               NaN                             NaN                       0.000502
 1724         2023             5    7231.4240       67.8000     294.0000              1342.2840                     7.2000       9.0000               9.0000            27128.0832                  380.0109             1867.1507                        470.1050                              2.0173                          2.5217              0.004482                    0.010877       0.008696                     0.019832                                      0.019832              27.000000                           27.000000                    2482.25                         1.000000                         0.000626                                  NaN                                      NaN                                      NaN                               NaN                             NaN                       0.000626
 1724         2023             6   11782.2549      116.1118     541.5588               371.0681                     4.5827      22.9137              22.9137            16229.8177                  176.2844              857.8688                        113.5072                              1.2298                          6.1489              0.003714                    0.009015       0.007372                     0.015546                                      0.015546              22.285714                           22.285700                    2472.00                         1.000000                         0.001110                                  NaN                                      NaN                                      NaN                               NaN                             NaN                       0.001110
 1724         2023             7    8995.9549       95.1118     460.5588                 0.0000                     0.0000       0.0000               0.0000            18325.5860                  200.2360              987.3226                        182.8429                              2.1391                         10.6957              0.005614                    0.012125       0.009788                     0.020073                                      0.020073              29.928572                           29.928550                    2468.25                         1.000000                              NaN                                  NaN                                      NaN                                      NaN                               NaN                             NaN                            NaN

ℹ INFO: Wrote step_1_aggregate_bymonth.parquet  (4,209 rows x 32 cols)
ℹ INFO: Console log: 
Z:\_dev-ssd\thesis-manifold\02_thesis_data\_02_preprocessing\nielsen\CSD\pipeli
ne_step_outputs\step_1_console.log

✓ Completed in 5.3s

