
===============================================================================
=
Nielsen CSD — Step 0: Validate Parquet Cache
===============================================================================
=


================================================================================
CSD Preprocessing Configuration
================================================================================
  Category:        CSD
  Views dir:       C:\Users\brian\AppData\Local\Temp\tmpmx7ymqsx
  Step outputs:    Z:\_dev-ssd\thesis-manifold\02_thesis_data\_02_preprocessing\nielsen\CSD\pipeline_step_outputs
  Output findings: Z:\_dev-ssd\thesis-manifold\02_thesis_data\_02_preprocessing\nielsen\CSD\pipeline_step_outputs\csd_eda_findings.json
  Plots directory: Z:\_dev-ssd\thesis-manifold\02_thesis_data\_02_preprocessing\nielsen\CSD\pipeline_step_outputs\csd_eda_plots

ML TARGET DEFINITION
  Y                    = log1p(sales_units_{t+1})
  Forecast horizon (H) = 1 month(s)
  Log transform        = True
  Warmup buffer        = 13 periods (excluded per brand)

================================================================================
CACHE VERIFICATION SUMMARY
================================================================================
Category:       CSD
Cache location: C:\Users\brian\AppData\Local\Temp\tmpmx7ymqsx
Status: FAILED -- [CSD] 4 missing of 4 required parquet view files
  MISSING: csd_clean_dim_market_v.parquet
  MISSING: csd_clean_dim_period_v.parquet
  MISSING: csd_clean_dim_product_v.parquet
  MISSING: csd_clean_facts_v.parquet
================================================================================

✗ FAILED: Parquet cache incomplete for CSD. Run Stage 1 (JSONL -> Parquet) 
first: run_all_conversions.py, under THESIS_DATA_CONVERTED_NIELSEN_DIR.


✓ Completed in 0.0s

