================================================================================
STEP 3 -- DERIVE PARAMETERS: CSD (horizon=3)
================================================================================

Rebuilding the analysis panel via step 1...
  Loading view parquet files...
  Facts shape:    (223240, 32)
  Products shape: (2130, 23)
  Periods shape:  (46, 9)
  Markets shape:  (86, 6)
  Discovered 29 measure columns (13 additive, 16 intensive)
  Panel: 4,209 rows x 32 columns, 142 brands

DERIVED PARAMETERS
  target                = sales_units
  forecast_horizon      = 3 month(s)
  log_transform_target  = True
  lags                  = [1, 2, 3, 4, 8, 13]
  rolling_windows       = [4, 13]
  warmup_periods        = 13
  min_periods           = 17  (= warmup + horizon + 1, derived)
  peak_months        = [3, 6, 9, 12]

SPLIT
  train_end             = (2025, 5)
  val_end               = (2025, 12)
  months                = 32 train / 7 val / 7 test (of 46)
  test origins          = 5 at horizon 3

RETENTION AT min_periods
  brands                = 95 / 142 kept (47 dropped)
  training rows         = 2,262 / 2,262 (100.0%)

  Contract -> Z:\_dev-ssd\thesis-manifold\02_thesis_data\_02_preprocessing\nielsen\CSD\pipeline_step_outputs\csd_eda_findings_h3.json
  Table    -> Z:\_dev-ssd\thesis-manifold\02_thesis_data\_02_preprocessing\nielsen\CSD\pipeline_step_outputs\csd_eda_tables
