================================================================================
STEP 6 -- SAVE OUTPUTS: CSD (horizon=1)
================================================================================

Contract: csd_eda_findings_h1.json
Split:    step_5_split_applied_h1.parquet -- 4,876 rows x 48 columns

ARTIFACTS -> Z:\_dev-ssd\thesis-manifold\02_thesis_data\_03_engineered\bymonth\CSD
  feature_matrix  csd_feature_matrix_h1.parquet
  series_index    csd_series_index_h1.csv
  split_dates     csd_split_dates_h1.json
  manifest        csd_manifest_h1.json

SUMMARY
  brands            = 106
  rows              = 4,876
  features          = 41 (of 48 columns)
  promo available   = True
  train             = 2022-10 .. 2025-05
  val               = 2025-06 .. 2025-12
  test              = 2026-01 .. 2026-07
  test origins      = 7 at horizon 1

  Largest brands by total units:
    HARBOE          237,169,352  (46 periods)
    COCA COLA       218,038,067  (46 periods)
    PEPSI           186,863,901  (46 periods)
    FAXE KONDI      141,584,194  (46 periods)
    FANTA            38,141,526  (46 periods)

  Table    -> Z:\_dev-ssd\thesis-manifold\02_thesis_data\_02_preprocessing\nielsen\CSD\pipeline_step_outputs\csd_eda_tables
