
===============================================================================
=
Nielsen Danskvand — Step 1: Load, Merge and Aggregate
===============================================================================
=

================================================================================
LOAD AND MERGE CACHED PARQUET VIEWS
================================================================================
  Loading view parquet files...
  Facts shape:    (1382673, 15)
  Products shape: (1071, 24)
  Periods shape:  (41, 9)
  Markets shape:  (86, 6)

Merged row-level shape: (11085, 19)
Unique brands:          55
Elapsed:                0.69s
================================================================================

================================================================================
AGGREGATE TO BYMONTH GRAIN
================================================================================
⚠ WARNING: Measure column(s) absent for this category, aggregating without 
them: sales_units_any_promo

Aggregated shape: (1225, 7)
Unique brands:    55
Date range:       2023-03 to 2026-07  (41 distinct periods)
Elapsed:          0.01s
================================================================================

Danskvand -- brand x month panel (first 10 rows)
------------------------------------------------
      brand  period_year  period_month  sales_units  sales_value  sales_liters  weighted_dist
ACQUA PANNA         2023             3         95.0      1393.40          47.5       0.000561
ACQUA PANNA         2023             4         92.0      1359.35          46.0       0.000610
ACQUA PANNA         2023             5        137.0      2003.80          68.5       0.000526
ACQUA PANNA         2023             6        396.0      4948.45         198.0       0.000831
ACQUA PANNA         2023             7        113.0      1309.55          56.5       0.000771
ACQUA PANNA         2023             8        241.0      3175.65         120.5       0.000733
ACQUA PANNA         2023             9        275.0      3994.25         137.5       0.001063
ACQUA PANNA         2023            10        109.0      1583.20          54.5       0.000915
ACQUA PANNA         2023            11         35.0       507.97          17.5       0.001185
ACQUA PANNA         2023            12         72.0      1048.50          36.0       0.001023

ℹ INFO: Wrote step_1_aggregate_bymonth.parquet  (1,225 rows x 7 cols)
ℹ INFO: Console log: 
Z:\_dev-ssd\thesis-manifold\02_thesis_data\_02_preprocessing\nielsen\Danskvand\
pipeline_step_outputs\step_1_console.log

✓ Completed in 0.8s

