
===============================================================================
=
Nielsen Danskvand — Step 0: Validate Parquet Cache
===============================================================================
=


================================================================================
Danskvand Preprocessing Configuration
================================================================================
  Category:        Danskvand
  Views dir:       Z:\_dev-ssd\thesis-manifold\02_thesis_data\_01_converted\nielsen\parquet_nielsen\Danskvand\views
  Step outputs:    Z:\_dev-ssd\thesis-manifold\02_thesis_data\_02_preprocessing\nielsen\Danskvand\pipeline_step_outputs
  Output findings: Z:\_dev-ssd\thesis-manifold\02_thesis_data\_02_preprocessing\nielsen\Danskvand\pipeline_step_outputs\danskvand_eda_findings.json
  Plots directory: Z:\_dev-ssd\thesis-manifold\02_thesis_data\_02_preprocessing\nielsen\Danskvand\pipeline_step_outputs\danskvand_eda_plots

ML TARGET DEFINITION
  Y                    = log1p(sales_units_{t+1})
  Forecast horizon (H) = 1 month(s)
  Log transform        = True
  Warmup buffer        = 13 periods (excluded per brand)

================================================================================
CACHE VERIFICATION SUMMARY
================================================================================
Category:       Danskvand
Cache location: Z:\_dev-ssd\thesis-manifold\02_thesis_data\_01_converted\nielsen\parquet_nielsen\Danskvand\views
Status: OK -- [Danskvand] All 4 required parquet view files present
  danskvand_clean_dim_market_v.parquet  (0.0 MB)
  danskvand_clean_dim_period_v.parquet  (0.0 MB)
  danskvand_clean_dim_product_v.parquet  (0.0 MB)
  danskvand_clean_facts_v.parquet  (71.2 MB)
================================================================================
ℹ INFO: Console log: 
Z:\_dev-ssd\thesis-manifold\02_thesis_data\_02_preprocessing\nielsen\Danskvand\
pipeline_step_outputs\step_0_console.log

✓ Completed in 0.0s

