================================================================================
STEP 6 -- SAVE OUTPUTS: Danskvand (horizon=1)
================================================================================

Contract: danskvand_eda_findings_h1.json
Split:    step_5_split_applied_h1.parquet -- 1,230 rows x 30 columns

ARTIFACTS -> Z:\_dev-ssd\thesis-manifold\02_thesis_data\_03_engineered\bymonth\Danskvand
  feature_matrix  danskvand_feature_matrix_h1.parquet
  series_index    danskvand_series_index_h1.csv
  split_dates     danskvand_split_dates_h1.json
  manifest        danskvand_manifest_h1.json

SUMMARY
  brands            = 30
  rows              = 1,230
  features          = 23 (of 30 columns)
  promo available   = False
  train             = 2023-03 .. 2025-07
  val               = 2025-08 .. 2026-01
  test              = 2026-02 .. 2026-07
  test origins      = 6 at horizon 1

  Largest brands by total units:
    HARBOE           73,560,373  (41 periods)
    BLUE KELD        25,136,770  (41 periods)
    FIRST PRICE      16,138,631  (41 periods)
    AQUA D'OR        13,559,660  (41 periods)
    KILDEVÆLD         8,483,825  (41 periods)

  Table    -> Z:\_dev-ssd\thesis-manifold\02_thesis_data\_02_preprocessing\nielsen\Danskvand\pipeline_step_outputs\danskvand_eda_tables
