================================================================================
STEP 4 -- ENGINEER FEATURES: Danskvand (horizon=1)
================================================================================

Contract: danskvand_eda_findings_h1.json (version 1.1)
  target                = sales_units
  min_periods           = 15
  lags                  = [1, 2, 3, 4, 8, 13]
  rolling_windows       = [4, 13]
  peak_months        = [6, 7, 8, 9]
  log_transform_target  = True

Rebuilding the analysis panel via step 1...
  Loading view parquet files...
  Facts shape:    (27449, 15)
  Products shape: (1071, 24)
  Periods shape:  (41, 9)
  Markets shape:  (86, 6)
  Discovered 12 measure columns (3 additive, 9 intensive)
  Panel: 1,225 rows x 15 columns, 55 brands

Applying the contract...

FEATURE MATRIX
  panel in              = 1,225 rows / 55 brands
  after calendar fill   = 2,255 rows
  after min_periods     = 1,230 rows / 30 brands (25 dropped)
  engineered            = 1,230 rows x 29 columns
  peak flag set on      = [6, 7, 8, 9] (matches contract)
  promo_intensity       = OMITTED (category has no promo_units)

  Matrix   -> Z:\_dev-ssd\thesis-manifold\02_thesis_data\_02_preprocessing\nielsen\Danskvand\pipeline_step_outputs\step_4_engineered_features_h1.parquet
  Log      -> Z:\_dev-ssd\thesis-manifold\02_thesis_data\_02_preprocessing\nielsen\Danskvand\pipeline_step_outputs\step_4_log_h1.json
  Table    -> Z:\_dev-ssd\thesis-manifold\02_thesis_data\_02_preprocessing\nielsen\Danskvand\pipeline_step_outputs\danskvand_eda_tables
