================================================================================
STEP 2 -- DESCRIPTIVE EDA: RTD
================================================================================

Rebuilding the analysis panel via step 1...
  Loading view parquet files...
  Facts shape:    (49976, 31)
  Products shape: (728, 24)
  Periods shape:  (41, 9)
  Markets shape:  (86, 6)
  Discovered 28 measure columns (12 additive, 16 intensive)
  Panel: 2,509 rows x 31 columns, 101 brands

================================================================================
3.01  DATA PREVIEW AND STATISTICS
================================================================================

Data Shape
----------------------------------------
  - Panel dimensions after step 1: the brand x month grain locked by DEC-GRAIN (2026-07-12), scoped to the DVH EXCL. HD parent market (DEC-SCOPE) rather than its nine region children.
  - Row count is brands x observed months, not a complete grid -- brands enter and leave the panel, so absent brand-months are genuinely absent rather than null.

       Metric Value
   Total Rows 2,509
Unique Brands   101
      Columns    31

Columns & Data Quality
----------------------------------------
  - Every column step 1 produced, with its dtype and null count. Discovered, not enumerated (DEC-OPEN-WORLD): a category carrying a column no other category has still appears here.
  - Column counts differ by category by design -- the four categories sit at different Nielsen capability tiers, and a column absent here was never delivered rather than lost in processing.

                                      Column Data Type  Non-Null  Missing  Missing %
                                       brand    object      2509        0        0.0
                                 period_year     int64      2509        0        0.0
                                period_month     int64      2509        0        0.0
                                 sales_value   float64      2509        0        0.0
                                sales_liters   float64      2509        0        0.0
                                 sales_units   float64      2509        0        0.0
                        baseline_sales_value   float64      2509        0        0.0
                    baseline_sales_in_liters   float64      2509        0        0.0
                        baseline_sales_units   float64      2509        0        0.0
              baseline_sales_value_any_promo   float64      2509        0        0.0
          baseline_sales_in_liters_any_promo   float64      2509        0        0.0
              baseline_sales_units_any_promo   float64      2509        0        0.0
                       sales_value_any_promo   float64      2509        0        0.0
                   sales_in_liters_any_promo   float64      2509        0        0.0
                         sales_units_any_tpr   float64      2509        0        0.0
                        numeric_distribution   float64      2509        0        0.0
                  numeric_distribution_reach   float64      2509        0        0.0
                               weighted_dist   float64      2509        0        0.0
                 weighted_distribution_reach   float64      2509        0        0.0
total_weighted_distribution_points_tdp_reach   float64      2509        0        0.0
                       number_of_items_reach   float64      2509        0        0.0
          avg_number_of_stores_selling_reach   float64      2509        0        0.0
                   universe_number_of_stores   float64      2509        0        0.0
             avg_no_of_items_per_store_reach   float64      2509        0        0.0
             weighted_distribution_any_promo   float64      1655      854       34.0
         weighted_distribution_disp_and_feat   float64       421     2088       83.2
          weighted_distribution_disp_wo_feat   float64      1263     1246       49.7
          weighted_distribution_feat_wo_disp   float64       454     2055       81.9
            weighted_distribution_total_feat   float64       457     2052       81.8
              weighted_distribution_any_disp   float64      1270     1239       49.4
               weighted_distribution_any_tpr   float64      1552      957       38.1

Missing Value Analysis
----------------------------------------
  - Nulls per column. In this panel a null is an unreported measure for an observed brand-month, which is distinct from a brand-month that does not appear at all.
  - Matters for feature engineering because a lag or rolling window computed across a null propagates it forward into every window that spans the gap.

                             Column  Missing  Missing %
    weighted_distribution_any_promo      854       34.0
weighted_distribution_disp_and_feat     2088       83.2
 weighted_distribution_disp_wo_feat     1246       49.7
 weighted_distribution_feat_wo_disp     2055       81.9
   weighted_distribution_total_feat     2052       81.8
     weighted_distribution_any_disp     1239       49.4
      weighted_distribution_any_tpr      957       38.1

Sample Data (first 10 rows):
 brand  period_year  period_month  sales_value  sales_liters  sales_units  baseline_sales_value  baseline_sales_in_liters  baseline_sales_units  baseline_sales_value_any_promo  baseline_sales_in_liters_any_promo  baseline_sales_units_any_promo  sales_value_any_promo  sales_in_liters_any_promo  sales_units_any_tpr  numeric_distribution  numeric_distribution_reach  weighted_dist  weighted_distribution_reach  total_weighted_distribution_points_tdp_reach  number_of_items_reach  avg_number_of_stores_selling_reach  universe_number_of_stores  avg_no_of_items_per_store_reach  weighted_distribution_any_promo  weighted_distribution_disp_and_feat  weighted_distribution_disp_wo_feat  weighted_distribution_feat_wo_disp  weighted_distribution_total_feat  weighted_distribution_any_disp  weighted_distribution_any_tpr
24 ICE         2026             7     58054.00        437.25       2915.0            37841.2121                  285.0079             1900.0526                       5205.7047                             39.2528                        261.6855             20682.5962                   155.8298                  0.0              0.079918                    0.192214       0.091681                     0.232702                                      0.232702                  492.0                              491.25                    2555.75                           1.0015                         0.039966                                  NaN                            0.039966                                 NaN                               NaN                        0.039966                            NaN
 AERIS         2024            10      2160.50          2.70         27.0              403.5600                    0.5026                5.0259                          0.0000                              0.0000                          0.0000              1498.6000                     1.9000                  6.0              0.001868                    0.003934       0.002860                     0.005268                                      0.005268                   10.0                               10.00                    2542.25                           1.0000                         0.001655                                  NaN                            0.001655                                 NaN                               NaN                        0.001655                       0.000659
 AERIS         2024            11      1456.40          1.90         19.0             1501.3553                    1.9512               19.5124                        224.7058                              0.2945                          2.9445               228.9500                     0.3000                  0.0              0.001280                    0.003151       0.001673                     0.004048                                      0.004048                    8.0                                8.00                    2538.50                           1.0000                         0.001673                                  NaN                            0.001673                                 NaN                               NaN                        0.001673                            NaN
 AERIS         2024            12     11710.57         16.50        165.0            11553.8389                   16.3565              163.5646                          0.0000                              0.0000                          0.0000                 0.0000                     0.0000                  0.0              0.001260                    0.003544       0.001651                     0.003359                                      0.003359                    9.0                                9.00                    2539.60                           1.0000                              NaN                                  NaN                                 NaN                                 NaN                               NaN                             NaN                            NaN
 AERIS         2025             1       639.65          0.80          8.0              639.6500                    0.8000                8.0000                          0.0000                              0.0000                          0.0000                 0.0000                     0.0000                  0.0              0.000493                    0.000789       0.001121                     0.001465                                      0.001465                    2.0                                2.00                    2535.50                           1.0000                              NaN                                  NaN                                 NaN                                 NaN                               NaN                             NaN                            NaN
 AERIS         2025             2       479.70          0.60          6.0              479.7000                    0.6000                6.0000                          0.0000                              0.0000                          0.0000                 0.0000                     0.0000                  0.0              0.000296                    0.000395       0.000712                     0.000966                                      0.000966                    1.0                                1.00                    2533.75                           1.0000                              NaN                                  NaN                                 NaN                                 NaN                               NaN                             NaN                            NaN
 AERIS         2025             3      1111.52          1.80         18.0              891.0973                    1.5148               15.1479                          0.0000                              0.0000                          0.0000                 0.0000                     0.0000                  0.0              0.000551                    0.001575       0.001132                     0.002497                                      0.002497                    4.0                                4.00                    2539.40                           1.0000                              NaN                                  NaN                                 NaN                                 NaN                               NaN                             NaN                            NaN
 AERIS         2025             4       239.85          0.30          3.0              239.8500                    0.3000                3.0000                          0.0000                              0.0000                          0.0000                 0.0000                     0.0000                  0.0              0.000295                    0.000393       0.000598                     0.000849                                      0.000849                    1.0                                1.00                    2542.75                           1.0000                              NaN                                  NaN                                 NaN                                 NaN                               NaN                             NaN                            NaN
 AERIS         2025             5      1264.50          1.50         15.0             1264.5000                    1.5000               15.0000                          0.0000                              0.0000                          0.0000                 0.0000                     0.0000                  0.0              0.000693                    0.001189       0.001263                     0.001883                                      0.001883                    3.0                                3.00                    2523.50                           1.0000                              NaN                                  NaN                                 NaN                                 NaN                               NaN                             NaN                            NaN
 AERIS         2025             6       913.80          1.00         10.0              913.8000                    1.0000               10.0000                          0.0000                              0.0000                          0.0000                 0.0000                     0.0000                  0.0              0.000553                    0.001185       0.000740                     0.001914                                      0.001914                    3.0                                3.00                    2532.60                           1.0000                              NaN                                  NaN                                 NaN                                 NaN                               NaN                             NaN                            NaN

================================================================================
3.02  DISTRIBUTION ANALYSIS WITH SKEWNESS
================================================================================

Skewness Analysis
----------------------------------------
  - Fisher-Pearson skewness per numeric column. Zero is symmetric; positive means a long right tail.
  - Thresholds follow Kim (2013): |skew| > 2 indicates substantial departure from normality, 0.5-2 moderate. These bands are the stated basis for the log-transform recommendation, not an eyeball judgement.
  - The forecast target's skewness is the empirical case for LOG_TRANSFORM_TARGET; see 3.15 for the same evidence as a distribution curve.
  - Skewness is a property of the marginal distribution and says nothing about the time-series structure -- 3.05 and 3.16 cover that.

                                     feature  skewness                                                                          interpretation
                                 sales_value     5.498 Highly right-skewed -- substantial non-normality (Kim, 2013) -> log transform necessary
                                sales_liters     5.910 Highly right-skewed -- substantial non-normality (Kim, 2013) -> log transform necessary
                                 sales_units     6.286 Highly right-skewed -- substantial non-normality (Kim, 2013) -> log transform necessary
                        baseline_sales_value     4.672 Highly right-skewed -- substantial non-normality (Kim, 2013) -> log transform necessary
                    baseline_sales_in_liters    34.339 Highly right-skewed -- substantial non-normality (Kim, 2013) -> log transform necessary
                        baseline_sales_units     4.651 Highly right-skewed -- substantial non-normality (Kim, 2013) -> log transform necessary
              baseline_sales_value_any_promo     5.124 Highly right-skewed -- substantial non-normality (Kim, 2013) -> log transform necessary
          baseline_sales_in_liters_any_promo     5.428 Highly right-skewed -- substantial non-normality (Kim, 2013) -> log transform necessary
              baseline_sales_units_any_promo     5.278 Highly right-skewed -- substantial non-normality (Kim, 2013) -> log transform necessary
                       sales_value_any_promo     6.139 Highly right-skewed -- substantial non-normality (Kim, 2013) -> log transform necessary
                   sales_in_liters_any_promo     6.706 Highly right-skewed -- substantial non-normality (Kim, 2013) -> log transform necessary
                         sales_units_any_tpr     7.866 Highly right-skewed -- substantial non-normality (Kim, 2013) -> log transform necessary
                        numeric_distribution     2.999 Highly right-skewed -- substantial non-normality (Kim, 2013) -> log transform necessary
                  numeric_distribution_reach     2.310 Highly right-skewed -- substantial non-normality (Kim, 2013) -> log transform necessary
                               weighted_dist     2.015 Highly right-skewed -- substantial non-normality (Kim, 2013) -> log transform necessary
                 weighted_distribution_reach     1.613                                                 Right-skewed -- log transform justified
total_weighted_distribution_points_tdp_reach     1.613                                                 Right-skewed -- log transform justified
                       number_of_items_reach     2.333 Highly right-skewed -- substantial non-normality (Kim, 2013) -> log transform necessary
          avg_number_of_stores_selling_reach     2.335 Highly right-skewed -- substantial non-normality (Kim, 2013) -> log transform necessary
                   universe_number_of_stores    -0.758                                                                  Left-skewed (negative)
             avg_no_of_items_per_store_reach    42.872 Highly right-skewed -- substantial non-normality (Kim, 2013) -> log transform necessary
             weighted_distribution_any_promo     2.112 Highly right-skewed -- substantial non-normality (Kim, 2013) -> log transform necessary
         weighted_distribution_disp_and_feat     2.105 Highly right-skewed -- substantial non-normality (Kim, 2013) -> log transform necessary
          weighted_distribution_disp_wo_feat     2.928 Highly right-skewed -- substantial non-normality (Kim, 2013) -> log transform necessary
          weighted_distribution_feat_wo_disp     1.888                                                 Right-skewed -- log transform justified
            weighted_distribution_total_feat     1.885                                                 Right-skewed -- log transform justified
              weighted_distribution_any_disp     3.007 Highly right-skewed -- substantial non-normality (Kim, 2013) -> log transform necessary
               weighted_distribution_any_tpr     2.471 Highly right-skewed -- substantial non-normality (Kim, 2013) -> log transform necessary

================================================================================
3.03  DATE RANGE & TIME PERIOD ANALYSIS
================================================================================

Coverage
----------------------------------------
  - Observed span and completeness of the panel. Total months is the distinct period count, which bounds every window-based feature: a 12-month rolling mean is undefined in a panel shorter than 12.
  - Also bounds the split. Train/validation/test cutoffs are derived proportionally from this span rather than hardcoded, after the hardcoded dates drifted to a 24-27% test share (F25).

        Metric              Value
    Date Range 2023-03 to 2026-07
  Total Months                 41
    Total Rows              2,509
 Unique Brands                101
Avg Rows/Brand               24.8

Rows per Brand Distribution
----------------------------------------
  - Distribution of observation counts per brand -- how much history each brand actually has.
  - Directly relevant to MIN_PERIODS: a brand with few observations cannot support lag-12 features and contributes mostly warmup rows. The threshold decision is step 3's (P0036 task 8 open); this table is its evidence.
  - A long left tail means the panel is dominated by short-lived brands, which is a case for filtering rather than pooling them in.

Statistic Rows/Brand
      Min          1
      Max         41
     Mean       24.8
   Median         26
  Std Dev       14.6

================================================================================
3.04  STRUCTURAL BREAK SCAN (AUTO-DETECTED)
================================================================================

  Scanned 29 candidate break points across 41 months

Top 3 Break Candidates by Chow F-statistic
------------------------------------------
  - Chow test for a structural break in the aggregate series: the null is that the same relationship holds before and after the candidate date (Chow, 1960).
  - A low p-value indicates the series mean/variance shifts at that point. That matters for the split, because a break inside the test window means the test period is not drawn from the training regime.
  - Reported as the three strongest candidates rather than one verdict: with a single series and many candidate dates this is exploratory, and the multiple-comparisons problem is real.

   date  chow_f  chow_p  mean_ratio  std_ratio
2025-12   2.676  0.1099       1.358      1.276
2025-05   1.663  0.2048       1.239      1.109
2026-01   1.547  0.2210       1.285      1.325

  No significant structural break (best candidate p=0.1099 >= 0.05)
  -> A pooled model across the full range is supportable.

================================================================================
3.05  STATIONARITY TESTING -- PER-BRAND ADF
================================================================================

  H0: non-stationary  |  p < 0.05 -> stationary
  Testing raw, log1p, and first-difference


ADF Test per Brand (top brands by volume)
-----------------------------------------
  - Augmented Dickey-Fuller test per brand. Null hypothesis is a unit root, i.e. non-stationarity; p < 0.05 rejects it and indicates a stationary series (Dickey & Fuller, 1979).
  - Failing to reject is weak evidence -- ADF has low power on short series, and these brands have at most ~46 monthly observations. Read a non-rejection as inconclusive, not as proof of a unit root.
  - Non-stationary brands are the argument for differencing or for lag features that let the model absorb the trend rather than extrapolate it.

               brand  n  p_raw  p_log  p_diff recommendation
             BREEZER 41  0.239  0.000   0.036          log1p
              SHAKER 41  0.877  0.728   0.014     log1p+diff
SMIRNOFF ICE/TWISTED 41  0.000  0.000   0.046            raw
            SOMERSBY 41  0.494  0.000   0.000          log1p
               MOKAÏ 41  0.691  0.977   0.035     log1p+diff
      READY TO DRINK 41  0.000  0.000   0.001            raw
             IMPRESS 41  0.008  0.922   0.000            raw
           TANQUERAY 41  0.000  0.850   0.051            raw
          CULT MODJO 22  0.455  0.976   0.011     log1p+diff
         PUNCH! CLUB 38  0.101  0.044   0.136          log1p
            NOHRLUND 41  0.232  1.000   0.001     log1p+diff
           BUZZBALLZ 41  0.018  0.033   0.171            raw
MIKROPOLIS COCKTAILS 41  0.197  0.667   0.012     log1p+diff
                 ISH 14  0.389  0.215   0.000     log1p+diff
THE COCKTAIL FACTORY 41  0.000  0.999   0.529            raw
             MAGNERS 41  0.878  0.530   0.006     log1p+diff
              SPRITZ 30  0.000  0.011   0.007            raw
         REKORDERLIG 41  0.224  0.304   0.001     log1p+diff
      SIR. JAMES 101 41  0.006  0.292   0.000            raw

  CROSS-BRAND STATIONARITY SUMMARY (19 brands tested):
    Stationary raw:             8/19 (42%)
    Stationary after log1p:     3/19 (16%)
    Needs log1p + differencing: 8/19 (42%)

  -> LOG TRANSFORM SUPPORTED (majority of brands benefit)
  Note: given the per-brand spread above, feature engineering should apply log1p universally for stability.

  Aggregate series (reference only): ADF p=0.0000 (stationary)
  The aggregate can mask per-brand heterogeneity -- the per-brand result above takes precedence.

================================================================================
3.06  BRAND STABILITY ANALYSIS (SERIES LENGTH)
================================================================================

Brand Retention at Different MIN_PERIODS Thresholds
---------------------------------------------------
  - How many brands survive each candidate minimum-observation threshold -- the retention curve for MIN_PERIODS.
  - Thresholds are generated from the panel's own maximum span rather than the notebook's fixed 20-43 ladder, which had been written against CSD's 43-month history and produced empty rows elsewhere.
  - The trade-off is explicit: a higher threshold buys longer, cleaner series at the cost of brand coverage. Look for the knee where retention falls sharply.
  - Evidence only -- MIN_PERIODS is decided in step 3 (P0036 task 8).

 Min Periods  Brands Retained % of Total Data Quality
           5               90      89.1%          Low
          10               81      80.2%          Low
          15               72      71.3%          Low
          20               56      55.4%          Low
          25               51      50.5%          Low
          30               46      45.5%       Medium
          35               41      40.6%       Medium
          40               34      33.7%         High

  MIN_PERIODS is not selected here. The retention curve above is the evidence;
  the threshold is a modelling decision made in step 3 (P0036 task 8, open).
  Observed series length: min=1, max=41, median=26

================================================================================
3.07  ZERO-SALES CHARACTERISATION
================================================================================

Zero-Sales Characterisation across 101 brands
---------------------------------------------
  - Brands classified by where zero-sales months occur: leading zeros (not yet launched), trailing (delisted), intermittent (genuinely sporadic demand), or none.
  - The distinction drives treatment. Leading and trailing zeros are structural absence and should be trimmed; intermittent zeros are real demand behaviour and must be kept, since removing them would bias the target upward.
  - Intermittent demand also breaks the usual accuracy metrics -- MAPE is undefined at zero, which constrains metric choice downstream.

    type  brands
no zeros     101

  Brands with any zeros: 0 / 101

  Imputation implications:
    Clustered (entry/exit) -> exclude pre-entry periods; carry a distribution indicator
    Scattered (data gaps)  -> forward-fill up to 2 periods; flag with a missingness indicator
    Rolling means must handle zeros before computing, or lags understate the true trend.

================================================================================
3.08  SEASONAL PATTERN ANALYSIS (HOLIDAY EFFECT)
================================================================================

Monthly Sales Distribution (Full Year)
----------------------------------------
  - Total target by calendar month, aggregated across all years and brands -- the seasonal profile of the category.
  - Confounded with trend: a category growing over the observation window inflates whichever months its later years cover most. Read alongside 3.10, where decomposition separates the two.
  - The empirical basis for HOLIDAY_MONTHS, reported here but not persisted anywhere step 3 could read (DEC-EDA-SPLIT).

 Month Month Name Sales Units % of Total Classification
     1        Jan   8,720,988       7.6%         Valley
     2        Feb   3,314,090       2.9%         Valley
     3        Mar   7,907,112       6.9%         Valley
     4        Apr   7,627,103       6.6%         Valley
     5        May  16,398,434      14.2%           PEAK
     6        Jun  20,570,820      17.8%           PEAK
     7        Jul  11,816,799      10.2%           PEAK
     8        Aug   7,124,233       6.2%         Valley
     9        Sep   6,937,134       6.0%         Valley
    10        Oct   4,364,610       3.8%         Valley
    11        Nov   4,685,157       4.1%         Valley
    12        Dec  15,877,650      13.8%           PEAK

Peak & Valley Analysis
----------------------------------------
  - Highest and lowest months of the seasonal profile, with the ratio between them as a one-number measure of seasonal amplitude.
  - A large peak-to-valley ratio justifies month-of-year features; a flat profile argues they would add parameters without signal.

                 Category      Months % of Sales
             Top 3 Months  [6, 5, 12]      45.8%
          Bottom 3 Months [2, 10, 11]      10.7%
Holiday Months (75th pct)  [5, 6, 12]      45.8%

  Observed holiday months (top quartile, each >= 12,832,012 units): [5, 6, 12]

================================================================================
3.09  MONTHLY SALES BAR PLOT
================================================================================
  Peak months (highlighted): [5, 6, 12]
  Valley months: [2, 10, 11]

================================================================================
3.10  SEASONAL DECOMPOSITION
================================================================================

  Additive residual variance:       3.44e+11
  Multiplicative residual variance: 3.60e-02
  -> Selected model: 'multiplicative' (lower residual variance)

  Trend over the observed window: Increasing
  Seasonal peaks (top 3 months): [12, 6, 5]
  Compare with 3.08 top-quartile months: [5, 6, 12]

================================================================================
3.11  TOP BRANDS TIME SERIES
================================================================================

Top 5 Brands by Total Sales
----------------------------------------
  - The largest brands by cumulative target volume, with their series plotted in the companion figure.
  - These brands dominate any pooled error metric: a model can score well overall while failing on the long tail. Relevant to the pooled-versus-specialised question (P0036 task 9).
  - Volume ranking, not forecastability ranking -- a large brand is not necessarily a stable or predictable one.

 Rank                Brand Total Sales
    1              BREEZER  37,765,591
    2               SHAKER  27,903,978
    3 SMIRNOFF ICE/TWISTED  25,102,530
    4             SOMERSBY  10,850,148
    5                MOKAÏ   3,960,037

================================================================================
3.12  CROSS-BRAND HETEROGENEITY
================================================================================

Sales CV (std/mean) across 98 brands
----------------------------------------
  - Coefficient of variation (std / mean) per brand: volatility normalised by level, so brands of different sizes are comparable.
  - High CV means an inherently harder series. Reporting the spread of CV across brands is what justifies expecting heterogeneous accuracy rather than treating one aggregate error as representative.
  - Undefined for a brand with mean zero, and unstable for near-zero means -- read the extreme values alongside 3.07.

Statistic    CV
      Min 0.000
      P25 0.588
   Median 0.792
      P75 1.402
      Max 3.353

  Brands with CV > 1.0 (high volatility): 39 / 98
  High CV means the sales pattern varies greatly over time, which is harder for a single pooled model.

  Distribution of brands' peak sales month:
    Jan: ### (3)
    Mar: ########## (10)
    Apr: ###### (6)
    May: ######## (8)
    Jun: ################################################## (50)
    Jul: ############## (14)
    Aug: ### (3)
    Dec: ####### (7)

Brands' Peak Sales Month
----------------------------------------
  - Each brand's own peak month, showing whether brands share the category's seasonal pattern or carry individual ones.
  - If peaks cluster, a single shared seasonal feature suffices. If they scatter, brand-specific seasonality is what the model needs, which is an argument for brand identity interacting with month.

Month  Brands Peaking
  Jan               3
  Mar              10
  Apr               6
  May               8
  Jun              50
  Jul              14
  Aug               3
  Dec               7

  Peak-month concentration: 0.50 (1.0 = all brands peak in the same month)
  -> Most brands share a peak month; a shared seasonal feature is likely sufficient.

  Heterogeneity verdict:
    High CV + varied peak months -> consider brand fixed effects or per-brand models.
    A single pooled model is viable only with a brand embedding or categorical feature.

================================================================================
3.13  PROMO INTENSITY ACROSS BRANDS
================================================================================
  SKIPPED -- this category has no promo_units column(s).
  Not an error: the analysis is undefined without them, so there is nothing to report.

================================================================================
3.14  MEASURE-COLUMN DATA QUALITY
================================================================================

Measure-Column Quality Scan
----------------------------------------
  - Per-column scan for the two defects that silently corrupt aggregation: impossible negatives, and rate columns mistakenly treated as additive.
  - Negative counts and negative shares are impossible by definition, so any listed here are delivery defects. Reported and left uncorrected (F42): clipping would manufacture a plausible-looking value and hide the problem, and none of the affected columns is the target.
  - The in_0_100 flag answers F39. A column bounded within [0, 100] behaves as a rate and must be averaged when aggregating -- summing two 70% distribution figures into 140% is the specific error this check exists to prevent.
  - The additive/intensive split it implies is what step 1's aggregation already applies; this table is the evidence that the classification matches the data.

                                      column           min          max          mean  nulls  zeros  negatives  neg_pct  in_0_100
                                 sales_value      4.000000 2.289034e+07 511987.955236      0      0          0     0.00     False
                                sales_liters      0.200000 6.433713e+05  13930.467405      0      0          0     0.00     False
                                 sales_units      1.000000 2.313590e+06  45972.152350      0      0          0     0.00     False
                        baseline_sales_value      1.329100 1.050225e+07 329518.327281      0      0          0     0.00     False
                    baseline_sales_in_liters      0.008800 3.553783e+06  10299.071946      0      0          0     0.00     False
                        baseline_sales_units      0.026600 6.859701e+05  23143.086359      0      0          0     0.00     False
              baseline_sales_value_any_promo      0.000000 6.415014e+06 148512.287285      0    935          0     0.00     False
          baseline_sales_in_liters_any_promo      0.000000 1.874996e+05   3342.576292      0    935          0     0.00     False
              baseline_sales_units_any_promo      0.000000 4.796444e+05  10823.986479      0    935          0     0.00     False
                       sales_value_any_promo      0.000000 1.949532e+07 360426.282129      0    854          0     0.00     False
                   sales_in_liters_any_promo      0.000000 5.938664e+05  10498.259630      0    854          0     0.00     False
                         sales_units_any_tpr -52004.235600 2.024180e+06  27876.688224      0    957          1     0.04     False
                        numeric_distribution      0.000078 6.944503e-01      0.028889      0      0          0     0.00      True
                  numeric_distribution_reach      0.000081 8.269540e-01      0.048738      0      0          0     0.00      True
                               weighted_dist      0.000008 8.359613e-01      0.054049      0      0          0     0.00      True
                 weighted_distribution_reach      0.000008 9.437733e-01      0.080107      0      0          0     0.00      True
total_weighted_distribution_points_tdp_reach      0.000008 9.437733e-01      0.080107      0      0          0     0.00      True
                       number_of_items_reach      1.000000 2.112193e+03    122.980711      0      0          0     0.00     False
          avg_number_of_stores_selling_reach      0.200000 2.111213e+03    122.769037      0      0          0     0.00     False
                   universe_number_of_stores   2468.000000 2.556000e+03   2521.180311      0      0          0     0.00     False
             avg_no_of_items_per_store_reach      0.990867 5.000000e+00      1.004377      0      0          0     0.00      True
             weighted_distribution_any_promo      0.000020 6.501433e-01      0.056654    854      0          0     0.00      True
         weighted_distribution_disp_and_feat      0.000111 1.985060e-01      0.031180   2088      0          0     0.00      True
          weighted_distribution_disp_wo_feat     -0.000028 4.472283e-01      0.027937   1246      0          1     0.04     False
          weighted_distribution_feat_wo_disp      0.000251 4.428860e-01      0.055086   2055      0          0     0.00      True
            weighted_distribution_total_feat      0.000422 5.949810e-01      0.080403   2052      0          0     0.00      True
              weighted_distribution_any_disp     -0.000028 5.774623e-01      0.035102   1239      0          1     0.04     False
               weighted_distribution_any_tpr      0.000020 4.349476e-01      0.041626    957      0          0     0.00      True

  3 column(s) carry negative values:
    sales_units_any_tpr: 1 rows (0.04%), min=-52004.2356
    weighted_distribution_disp_wo_feat: 1 rows (0.04%), min=-0.0000
    weighted_distribution_any_disp: 1 rows (0.04%), min=-0.0000
  A negative share or distribution value is impossible by definition, so these are delivery defects.
  Reported, not corrected: clipping would manufacture a plausible-looking value and hide the problem (F42 open).

  Column(s) observed entirely within [0, 100], consistent with a rate/share rather than a count:
    numeric_distribution
    numeric_distribution_reach
    weighted_dist
    weighted_distribution_reach
    total_weighted_distribution_points_tdp_reach
    avg_no_of_items_per_store_reach
    weighted_distribution_any_promo
    weighted_distribution_disp_and_feat
    weighted_distribution_feat_wo_disp
    weighted_distribution_total_feat
    weighted_distribution_any_tpr
  Relevant to F39: such columns must be averaged, not summed, when aggregating (70% + 70% != 140%).

================================================================================
3.15  EMPIRICAL CDF OF THE FORECAST TARGET
================================================================================

Target Distribution Quantiles (sales_units)
-------------------------------------------
  - Cumulative share of brand-months at or below each sales_units value; shows the spread without the bin-width dependence a histogram introduces.
  - p50 = 433 against p90 = 39,708: the gap between them is the concentration this panel has to forecast across.
  - A long right tail here is the empirical case for LOG_TRANSFORM_TARGET. The second panel shows the same data after log1p, where an approximately straight curve indicates the transform has done its job.
  - Companion to 3.02 (skewness): that figure states the asymmetry as a single number, this one shows where in the distribution it sits.

quantile      value
     p25    57.2900
     p50   432.6420
     p75  4375.3472
     p90 39707.6000

================================================================================
3.16  AUTOCORRELATION STRUCTURE (ACF / PACF)
================================================================================

Significant ACF Lags per Brand
----------------------------------------
  - Lags whose autocorrelation exceeds the 95% band (+/-1.96/sqrt(n)) under the null of no autocorrelation -- the standard Box-Jenkins reading of an ACF plot (Box & Jenkins, 1970).
  - Lags significant in at least half of the top 5 brands: [6, 12, 13, 14, 18]. A lag clearing the band for one brand is noise; one clearing it across the majority is structure worth a feature.
  - A spike at lag 12 indicates annual seasonality; spikes at 1-3 indicate short-run momentum. Both are what the lag features exist to capture.
  - Computed on log1p(target) so these lags describe the series the model is actually fitted to.
  - Evidence only -- LAGS is derived in step 3 (DEC-EDA-SPLIT). This figure is the justification for whatever that step selects.

               brand  n_periods  conf_band                               significant_lags
             BREEZER         41     0.3061                                 [6, 8, 12, 14]
              SHAKER         41     0.3061                        [6, 12, 13, 14, 15, 18]
SMIRNOFF ICE/TWISTED         41     0.3061                     [2, 6, 12, 13, 14, 16, 18]
            SOMERSBY         41     0.3061 [1, 4, 5, 6, 7, 8, 11, 12, 13, 16, 17, 18, 19]
               MOKAÏ         41     0.3061                      [1, 5, 6, 12, 13, 18, 19]

================================================================================
3.17  PROMO INTENSITY DISTRIBUTION
================================================================================
  SKIPPED -- this category has no promo_units column(s).
  Not an error: the analysis is undefined without them, so there is nothing to report.

================================================================================
3.18  CORRELATION STRUCTURE (PEARSON vs SPEARMAN)
================================================================================

Correlation with sales_units
----------------------------------------
  - Pearson measures linear association; Spearman measures monotone association on ranks. Reporting both is what makes the comparison in the next bullet possible.
  - abs_delta above 0.1 flags a relationship that is monotone but not linear -- a candidate for transformation rather than a raw feature. 16 column(s) flagged here.
  - Spearman is the more trustworthy of the two on this data: the target is right-skewed (see 3.02 and 3.15) and Pearson is sensitive to the resulting outliers.
  - These correlations are contemporaneous, not predictive: the columns are measured in the same month as the target, so a high value does not by itself establish forecasting value at t+1.
  - Descriptive only. No feature is selected or dropped here; the contract is step 3's output (DEC-EDA-SPLIT).

                                      column  pearson_r  spearman_r  abs_delta  non_linear
                   sales_in_liters_any_promo     0.9935      0.9208     0.0726       False
                                sales_liters     0.9909      0.9828     0.0082       False
                       sales_value_any_promo     0.9860      0.9133     0.0726       False
                                 sales_value     0.9762      0.9675     0.0087       False
                         sales_units_any_tpr     0.9736      0.8922     0.0814       False
              baseline_sales_value_any_promo     0.8732      0.9024     0.0291       False
              baseline_sales_units_any_promo     0.8699      0.9142     0.0443       False
                        baseline_sales_units     0.8663      0.9866     0.1203        True
                        baseline_sales_value     0.8590      0.9569     0.0979       False
          baseline_sales_in_liters_any_promo     0.8351      0.9076     0.0726       False
               weighted_distribution_any_tpr     0.7302      0.7764     0.0462       False
             weighted_distribution_any_promo     0.6421      0.8319     0.1898        True
                        numeric_distribution     0.5623      0.9451     0.3829        True
              weighted_distribution_any_disp     0.5307      0.7520     0.2214        True
                       number_of_items_reach     0.5062      0.9284     0.4222        True
          avg_number_of_stores_selling_reach     0.5060      0.9284     0.4223        True
                  numeric_distribution_reach     0.5051      0.9282     0.4230        True
                               weighted_dist     0.4766      0.9205     0.4439        True
            weighted_distribution_total_feat     0.4552      0.6711     0.2159        True
          weighted_distribution_feat_wo_disp     0.4391      0.6563     0.2172        True
          weighted_distribution_disp_wo_feat     0.4350      0.7307     0.2957        True
total_weighted_distribution_points_tdp_reach     0.4133      0.9068     0.4935        True
                 weighted_distribution_reach     0.4133      0.9068     0.4935        True
         weighted_distribution_disp_and_feat     0.4063      0.5902     0.1839        True
                    baseline_sales_in_liters     0.3287      0.9671     0.6384        True
             avg_no_of_items_per_store_reach    -0.0082      0.5313     0.5395        True
                   universe_number_of_stores     0.0070     -0.0079     0.0149       False

Near-Duplicate Column Pairs (|r| > 0.9)
----------------------------------------
  - Column pairs correlating above 0.9 carry substantially the same information; keeping both adds collinearity without adding signal.
  - The 0.9 threshold is conventional for near-duplicate detection and is deliberately stricter than the 0.756 weighted_dist correlation P0036 F7 tracks -- pairs listed here are a stronger claim than that one.
  - Collinearity inflates coefficient variance in linear models. Tree ensembles tolerate it but split their importance across the duplicates, which makes the resulting importance ranking misleading.
  - Listed for step 3 to act on, not pruned here.

                                    column_a                                     column_b  pearson_r
                 weighted_distribution_reach total_weighted_distribution_points_tdp_reach     1.0000
                       number_of_items_reach           avg_number_of_stores_selling_reach     1.0000
                  numeric_distribution_reach                        number_of_items_reach     0.9999
                  numeric_distribution_reach           avg_number_of_stores_selling_reach     0.9999
              baseline_sales_value_any_promo               baseline_sales_units_any_promo     0.9954
                                 sales_value                        sales_value_any_promo     0.9936
                                 sales_units                    sales_in_liters_any_promo     0.9935
                                sales_liters                    sales_in_liters_any_promo     0.9920
                                sales_liters                                  sales_units     0.9909
                        baseline_sales_value                         baseline_sales_units     0.9886
                                 sales_units                        sales_value_any_promo     0.9860
                   sales_in_liters_any_promo                          sales_units_any_tpr     0.9856
                                sales_liters                        sales_value_any_promo     0.9810
                                 sales_value                                 sales_liters     0.9777
                                 sales_value                                  sales_units     0.9762
                       sales_value_any_promo                    sales_in_liters_any_promo     0.9761
                               weighted_dist total_weighted_distribution_points_tdp_reach     0.9743
                               weighted_dist                  weighted_distribution_reach     0.9743
                                 sales_units                          sales_units_any_tpr     0.9736
                        baseline_sales_units               baseline_sales_units_any_promo     0.9700
                        baseline_sales_units               baseline_sales_value_any_promo     0.9690
                        numeric_distribution                        number_of_items_reach     0.9677
                        numeric_distribution           avg_number_of_stores_selling_reach     0.9677
                        numeric_distribution                   numeric_distribution_reach     0.9674
                        baseline_sales_value           baseline_sales_in_liters_any_promo     0.9666
                        baseline_sales_value               baseline_sales_value_any_promo     0.9631
                        baseline_sales_units           baseline_sales_in_liters_any_promo     0.9620
              baseline_sales_value_any_promo           baseline_sales_in_liters_any_promo     0.9620
                                sales_liters                          sales_units_any_tpr     0.9617
                                 sales_value                    sales_in_liters_any_promo     0.9596
                        baseline_sales_value               baseline_sales_units_any_promo     0.9553
          baseline_sales_in_liters_any_promo               baseline_sales_units_any_promo     0.9537
          weighted_distribution_disp_wo_feat               weighted_distribution_any_disp     0.9413
                       sales_value_any_promo                          sales_units_any_tpr     0.9386
                  numeric_distribution_reach total_weighted_distribution_points_tdp_reach     0.9370
                  numeric_distribution_reach                  weighted_distribution_reach     0.9370
total_weighted_distribution_points_tdp_reach           avg_number_of_stores_selling_reach     0.9366
total_weighted_distribution_points_tdp_reach                        number_of_items_reach     0.9366
                 weighted_distribution_reach           avg_number_of_stores_selling_reach     0.9366
                 weighted_distribution_reach                        number_of_items_reach     0.9366
          weighted_distribution_feat_wo_disp             weighted_distribution_total_feat     0.9362
                                 sales_value               baseline_sales_value_any_promo     0.9269
                  numeric_distribution_reach                                weighted_dist     0.9251
                               weighted_dist           avg_number_of_stores_selling_reach     0.9250
                               weighted_dist                        number_of_items_reach     0.9250
                                 sales_value                         baseline_sales_value     0.9195
                                 sales_value                         baseline_sales_units     0.9193
                                 sales_value               baseline_sales_units_any_promo     0.9188
                        numeric_distribution                                weighted_dist     0.9148
                                 sales_value                          sales_units_any_tpr     0.9102
              baseline_sales_value_any_promo                        sales_value_any_promo     0.9061

================================================================================
STEP 2 SUMMARY -- RTD
================================================================================
  Sections completed: 16 / 18
  Tables written:     20 -> Z:\_dev-ssd\thesis-manifold\02_thesis_data\_02_preprocessing\nielsen\RTD\pipeline_step_outputs\rtd_eda_tables
  Plots written:      7 -> Z:\_dev-ssd\thesis-manifold\02_thesis_data\_02_preprocessing\nielsen\RTD\pipeline_step_outputs\rtd_eda_plots

  Skipped (2) -- column(s) absent in this category:
    3.13  PROMO INTENSITY ACROSS BRANDS
      missing: promo_units
    3.17  PROMO INTENSITY DISTRIBUTION
      missing: promo_units

  This step derives no parameters. Its output is evidence for Chapter 4;
  the feature-engineering contract is step 3's responsibility.
