================================================================================
STEP 4 -- ENGINEER FEATURES: RTD (horizon=1)
================================================================================

Contract: rtd_eda_findings_h1.json (version 1.1)
  target                = sales_units
  min_periods           = 15
  lags                  = [1, 2, 3, 4, 8, 13]
  rolling_windows       = [4, 13]
  peak_months        = [5, 6, 12]
  log_transform_target  = True

Rebuilding the analysis panel via step 1...
  Loading view parquet files...
  Facts shape:    (49976, 31)
  Products shape: (728, 24)
  Periods shape:  (41, 9)
  Markets shape:  (86, 6)
  Discovered 28 measure columns (12 additive, 16 intensive)
  Panel: 2,509 rows x 31 columns, 101 brands

Applying the contract...

FEATURE MATRIX
  panel in              = 2,509 rows / 101 brands
  after calendar fill   = 4,141 rows
  after min_periods     = 2,952 rows / 72 brands (29 dropped)
  engineered            = 2,952 rows x 45 columns
  peak flag set on      = [5, 6, 12] (matches contract)
  promo_intensity       = OMITTED (category has no promo_units)

  Matrix   -> Z:\_dev-ssd\thesis-manifold\02_thesis_data\_02_preprocessing\nielsen\RTD\pipeline_step_outputs\step_4_engineered_features_h1.parquet
  Log      -> Z:\_dev-ssd\thesis-manifold\02_thesis_data\_02_preprocessing\nielsen\RTD\pipeline_step_outputs\step_4_log_h1.json
  Table    -> Z:\_dev-ssd\thesis-manifold\02_thesis_data\_02_preprocessing\nielsen\RTD\pipeline_step_outputs\rtd_eda_tables
