================================================================================
STEP 3 -- DERIVE PARAMETERS: RTD (horizon=1)
================================================================================

Rebuilding the analysis panel via step 1...
  Loading view parquet files...
  Facts shape:    (49976, 31)
  Products shape: (728, 24)
  Periods shape:  (41, 9)
  Markets shape:  (86, 6)
  Discovered 28 measure columns (12 additive, 16 intensive)
  Panel: 2,509 rows x 31 columns, 101 brands

DERIVED PARAMETERS
  target                = sales_units
  forecast_horizon      = 1 month(s)
  log_transform_target  = True
  lags                  = [1, 2, 3, 4, 8, 13]
  rolling_windows       = [4, 13]
  warmup_periods        = 13
  min_periods           = 15  (= warmup + horizon + 1, derived)
  peak_months        = [5, 6, 12]

SPLIT
  train_end             = (2025, 7)
  val_end               = (2026, 1)
  months                = 29 train / 6 val / 6 test (of 41)
  test origins          = 6 at horizon 1

RETENTION AT min_periods
  brands                = 72 / 101 kept (29 dropped)
  training rows         = 1,309 / 1,309 (100.0%)

  Contract -> Z:\_dev-ssd\thesis-manifold\02_thesis_data\_02_preprocessing\nielsen\RTD\pipeline_step_outputs\rtd_eda_findings_h1.json
  Table    -> Z:\_dev-ssd\thesis-manifold\02_thesis_data\_02_preprocessing\nielsen\RTD\pipeline_step_outputs\rtd_eda_tables
