================================================================================
STEP 6 -- SAVE OUTPUTS: RTD (horizon=3)
================================================================================

Contract: rtd_eda_findings_h3.json
Split:    step_5_split_applied_h3.parquet -- 2,542 rows x 46 columns

ARTIFACTS -> Z:\_dev-ssd\thesis-manifold\02_thesis_data\_03_engineered\bymonth\RTD
  feature_matrix  rtd_feature_matrix_h3.parquet
  series_index    rtd_series_index_h3.csv
  split_dates     rtd_split_dates_h3.json
  manifest        rtd_manifest_h3.json

SUMMARY
  brands            = 62
  rows              = 2,542
  features          = 39 (of 46 columns)
  promo available   = False
  train             = 2023-03 .. 2025-07
  val               = 2025-08 .. 2026-01
  test              = 2026-02 .. 2026-07
  test origins      = 4 at horizon 3

  Largest brands by total units:
    BREEZER          37,765,591  (41 periods)
    SHAKER           27,903,978  (41 periods)
    SMIRNOFF ICE/TWISTED     25,102,530  (41 periods)
    SOMERSBY         10,850,148  (41 periods)
    MOKAÏ             3,960,037  (41 periods)

  Table    -> Z:\_dev-ssd\thesis-manifold\02_thesis_data\_02_preprocessing\nielsen\RTD\pipeline_step_outputs\rtd_eda_tables
