
===============================================================================
=
Nielsen RTD — Step 0: Validate Parquet Cache
===============================================================================
=


================================================================================
RTD Preprocessing Configuration
================================================================================
  Category:        RTD
  Views dir:       Z:\_dev-ssd\thesis-manifold\02_thesis_data\_01_converted\nielsen\parquet_nielsen\RTD\views
  Step outputs:    Z:\_dev-ssd\thesis-manifold\02_thesis_data\_02_preprocessing\nielsen\RTD\pipeline_step_outputs
  Output findings: Z:\_dev-ssd\thesis-manifold\02_thesis_data\_02_preprocessing\nielsen\RTD\pipeline_step_outputs\rtd_eda_findings.json
  Plots directory: Z:\_dev-ssd\thesis-manifold\02_thesis_data\_02_preprocessing\nielsen\RTD\pipeline_step_outputs\rtd_eda_plots

ML TARGET DEFINITION
  Y                    = log1p(sales_units_{t+1})
  Forecast horizon (H) = 1 month(s)
  Log transform        = True
  Warmup buffer        = 13 periods (excluded per brand)

================================================================================
CACHE VERIFICATION SUMMARY
================================================================================
Category:       RTD
Cache location: Z:\_dev-ssd\thesis-manifold\02_thesis_data\_01_converted\nielsen\parquet_nielsen\RTD\views
Status: OK -- [RTD] All 4 required parquet view files present
  rtd_clean_dim_market_v.parquet  (0.0 MB)
  rtd_clean_dim_period_v.parquet  (0.0 MB)
  rtd_clean_dim_product_v.parquet  (0.0 MB)
  rtd_clean_facts_v.parquet  (149.6 MB)
================================================================================
ℹ INFO: Console log: 
Z:\_dev-ssd\thesis-manifold\02_thesis_data\_02_preprocessing\nielsen\RTD\pipeli
ne_step_outputs\step_0_console.log

✓ Completed in 0.0s

